[BEGIN] 2016/9/7 9:24:32
[    0.000000] Booting Linux on physical CPU 0x0
[    0.000000] Linux version 3.10.0_s40 (jenkins@Jenkins-CI01) (gcc version 4.4.1 (Hisilicon_v200(gcc4.4-290+glibc-2.11+eabi+nptl)) ) #2 SMP Mon Aug 1 18:38:28 CST 2016
[    0.000000] CPU: ARMv7 Processor [410fc075] revision 5 (ARMv7), cr=10c53c7d
[    0.000000] CPU: PIPT / VIPT nonaliasing data cache, VIPT aliasing instruction cache
[    0.000000] Machine: bigfish
[    0.000000] cma: CMA: reserved 580 MiB at 4b400000
[    0.000000] cma: CMA: reserved 4 MiB at 4b000000
[    0.000000] Memory policy: ECC disabled, Data cache writealloc
[    0.000000] CPU: Hi3798Mv100 
[    0.000000] PERCPU: Embedded 8 pages/cpu @8230e000 s12224 r8192 d12352 u32768
[    0.000000] Built 1 zonelists in Zone order, mobility grouping on.  Total pages: 520720
[    0.000000] Kernel command line: mem=2G console=ttyAMA0,115200 blkdevparts=mmcblk0:2M(fastboot),2M(partition),24M(loader),24M(loaderbak),2M(deviceinfo),8M(baseparam),8M(pqparam),16M(logo),48M(fastplay),48M(factory),16M(boot),2M(misc),2M(qbboot),512M(qbdata),48M(swdb),648M(cache),648M(backup),1024M(system),4198M(userdata) androidboot.force_open_console=open coherent_pool=2M androidboot.mac=16:08:11:11:22:33 androidboot.standard=1080i_50Hz androidboot.serialno=1371536727600001 initrd=0x4000000,0xA1D6B mmz=ddr,0,0,580M
[    0.000000] PID hash table entries: 4096 (order: 2, 16384 bytes)
[    0.000000] Dentry cache hash table entries: 262144 (order: 8, 1048576 bytes)
[    0.000000] Inode-cache hash table entries: 131072 (order: 7, 524288 bytes)
[    0.000000] Memory: 2048MB = 2048MB total
[    0.000000] Memory: 1454472k/1454472k available, 642680k reserved, 265088K highmem
[    0.000000] Virtual kernel memory layout:
[    0.000000]     vector  : 0xffff0000 - 0xffff1000   (   4 kB)
[    0.000000]     fixmap  : 0xfff00000 - 0xfffe0000   ( 896 kB)
[    0.000000]     vmalloc : 0xf0000000 - 0xff000000   ( 240 MB)
[    0.000000]     lowmem  : 0x80000000 - 0xef800000   (1784 MB)
[    0.000000]     pkmap   : 0x7fe00000 - 0x80000000   (   2 MB)
[    0.000000]     modules : 0x7f000000 - 0x7fe00000   (  14 MB)
[    0.000000]       .text : 0x80008000 - 0x80f4ae90   (15628 kB)
[    0.000000]       .init : 0x80f4b000 - 0x80fbefc0   ( 464 kB)
[    0.000000]       .data : 0x80fc0000 - 0x81118610   (1378 kB)
[    0.000000]        .bss : 0x8111a1f0 - 0x813032e0   (1957 kB)
[    0.000000] SLUB: HWalign=64, Order=0-3, MinObjects=0, CPUs=4, Nodes=1
[    0.000000] Hierarchical RCU implementation.
[    0.000000] NR_IRQS:192
[    0.000000] sched_clock: 32 bits at 24MHz, resolution 41ns, wraps every 178956ms
[    0.000000] Console: colour dummy device 80x30
[    0.000206] Calibrating delay loop... 1949.69 BogoMIPS (lpj=974848)
[    0.007044] pid_max: default: 32768 minimum: 301
[    0.007193] Mount-cache hash table entries: 512
[    0.007861] CPU: Testing write buffer coherency: ok
[    0.007912] ftrace: allocating 33726 entries in 99 pages
[    0.057541] CPU0: thread -1, cpu 0, socket 0, mpidr 80000000
[    0.057615] Setting up static identity map for 0x80b6bae8 - 0x80b6bb40
[    0.066578] CPU1: thread -1, cpu 1, socket 0, mpidr 80000001
[    0.074577] CPU2: thread -1, cpu 2, socket 0, mpidr 80000002
[    0.082578] CPU3: thread -1, cpu 3, socket 0, mpidr 80000003
[    0.082660] Brought up 4 CPUs
[    0.082676] SMP: Total of 4 processors activated (7829.50 BogoMIPS).
[    0.082683] CPU: All CPU(s) started in SVC mode.
[    0.492309] [475 ERROR-HI_PQ]:DRV_PQ_GetFlashPqBin[2611]:PQ bin param may not burned
[    0.492329] [475 ERROR-HI_PQ]:HI_DRV_PQ_Init[225]:Load PQBin failed!
[    0.511460] [494 ERROR-Invalid]:MCE_Init[1960]:ERR: get PDM Param
[    0.511737] NET: Registered protocol family 16
[    0.514328] DMA: preallocated 2048 KiB pool for atomic coherent allocations
[    0.516144] hw-breakpoint: found 5 (+1 reserved) breakpoint and 4 watchpoint registers.
[    0.516155] hw-breakpoint: maximum watchpoint size is 8 bytes.
[    0.516297] Serial: AMBA PL011 UART driver
[    0.516371] uart:0: ttyAMA0 at MMIO 0xf8b00000 (irq = 81) is a PL011 rev2
[    0.875033] console [ttyAMA0] enabled
[    0.878931] uart:1: ttyAMA1 at MMIO 0xf8006000 (irq = 82) is a PL011 rev2
[    0.885936] uart:2: ttyAMA2 at MMIO 0xf8b02000 (irq = 83) is a PL011 rev2
[    0.943131] bio: create slab <bio-0> at 0
[    0.948244] SCSI subsystem initialized
[    0.952564] usbcore: registered new interface driver usbfs
[    0.958181] usbcore: registered new interface driver hub
[    0.963650] usbcore: registered new device driver usb
[    0.969116] Linux video capture interface: v2.00
[    0.974559] Advanced Linux Sound Architecture Driver Initialized.
[    0.981410] Bluetooth: Core ver 2.16
[    0.985110] NET: Registered protocol family 31
[    0.989556] Bluetooth: HCI device and connection manager initialized
[    0.995914] Bluetooth: HCI socket layer initialized
[    1.000795] Bluetooth: L2CAP socket layer initialized
[    1.005862] Bluetooth: SCO socket layer initialized
[    1.011437] Switching to clocksource timer3
[    1.040813] NET: Registered protocol family 2
[    1.045735] TCP established hash table entries: 16384 (order: 5, 131072 bytes)
[    1.053196] TCP bind hash table entries: 16384 (order: 5, 131072 bytes)
[    1.060050] TCP: Hash tables configured (established 16384 bind 16384)
[    1.066655] TCP: reno registered
[    1.069896] UDP hash table entries: 1024 (order: 3, 32768 bytes)
[    1.075976] UDP-Lite hash table entries: 1024 (order: 3, 32768 bytes)
[    1.082695] NET: Registered protocol family 1
[    1.087299] RPC: Registered named UNIX socket transport module.
[    1.093242] RPC: Registered udp transport module.
[    1.097951] RPC: Registered tcp transport module.
[    1.102657] RPC: Registered tcp NFSv4.1 backchannel transport module.
[    1.109283] Trying to unpack rootfs image as initramfs...
[    1.156433] Freeing initrd memory: 644K (84000000 - 840a1000)
[    1.162650] NetWinder Floating Point Emulator V0.97 (double precision)
[    1.169257] CPU PMU: probing PMU on CPU 3
[    1.173291] hw perfevents: enabled with ARMv7 Cortex-A7 PMU driver, 5 counters available
[    1.181745] Hibernate get drv phyaddr error
[    1.187873] bounce pool size: 64 pages
[    1.201894] VFS: Disk quotas dquot_6.5.2
[    1.206161] Dquot-cache hash table entries: 1024 (order 0, 4096 bytes)
[    1.215758] squashfs: version 4.0 (2009/01/31) Phillip Lougher
[    1.223731] jffs2: version 2.2. (NAND) Â© 2001-2006 Red Hat, Inc.
[    1.230420] fuse init (API version 7.22)
[    1.235264] msgmni has been set to 3492
[    1.240805] Block layer SCSI generic (bsg) driver version 0.4 loaded (major 253)
[    1.248216] io scheduler noop registered
[    1.252144] io scheduler deadline registered (default)
[    1.257305] io scheduler cfq registered
[    1.270112] brd: module loaded
[    1.277306] loop: module loaded
[    1.281333] input: Hi keyboard as /devices/virtual/input/input0
[    1.287529] input: Hi mouse as /devices/virtual/input/input1
[    1.293460] input: qwerty as /devices/virtual/input/input2
[    1.298961] Hi Android vinput driver init successful!
[    1.305242] Found Nand Flash Controller V610.
[    1.309978] Nand ID: 0x00 0x00 0x00 0x00 0x00 0x00 0x00 0x00
[    1.315670] No NAND device found
[    1.318938] tun: Universal TUN/TAP device driver, 1.6
[    1.323992] tun: (C) 1999-2004 Max Krasnyansky <maxk@qualcomm.com>
[    1.537860] libphy: himii: probed
[    1.927326] Up port phy at 0x01 is connect
[    1.943707] libphy: PHY himii:1f not found
[    1.949099] PPP generic driver version 2.4.2
[    1.953682] PPP BSD Compression module registered
[    1.958395] PPP Deflate Compression module registered
[    1.963461] PPP MPPE Compression module registered
[    1.968274] NET: Registered protocol family 24
[    1.972831] usbotg: usb otg driver registered[    1.972993] usbcore: registered new interface driver cdc_wdm
[    1.973141] usbcore: registered new interface driver usb-storage
[    1.973415] usbcore: registered new interface driver usbserial
[    1.973541] usbcore: registered new interface driver option
[    1.973657] usbserial: USB Serial support registered for GSM modem (1-port)
[    1.973757] dwc_otg: version 3.00a 10-AUG-2012
[    2.012760] Core Release: 3.10a
[    2.015915] Setting default values for core params
[    2.222689] Using Buffer DMA mode
[    2.226047] Dedicated Tx FIFOs mode
[    2.230581] g_ffs: file system registered
[    2.234615] >>>  init /home/projects/ANDROID-Hi3798M-SPC061-VMXCA-EMMC-kk-4.4-USER/device/hisilicon/bigfish/sdk/source/kernel/linux-3.10.y/drivers/usb/usbir/usb-ir.c  usb_usbir_init
[    2.250952] usbcore: registered new interface driver usbir
[    2.257134] mousedev: PS/2 mouse device common for all mice
[    2.263908] IR NEC protocol handler initialized
[    2.268464] IR RC5(x) protocol handler initialized
[    2.273260] IR RC6 protocol handler initialized
[    2.277792] IR JVC protocol handler initialized
[    2.282324] IR Sony protocol handler initialized
[    2.286948] IR RC5 (streamzap) protocol handler initialized
[    2.292527] IR SANYO protocol handler initialized
[    2.297234] IR MCE Keyboard/mouse protocol handler initialized
[    2.303216] usbcore: registered new interface driver dvb_usb_cxusb
[    2.309570] usbcore: registered new interface driver uvcvideo
[    2.315324] USB Video Class driver (1.1.1)
[    2.319887] device-mapper: ioctl: 4.24.0-ioctl (2013-01-15) initialised: dm-devel@redhat.com
[    2.630346] mmc0: BKOPS_EN bit is not set
[    2.636139] mmc0: new high speed DDR MMC card at address 0001
[    2.642385] mmcblk0: mmc0:0001 008GE0 7.28 GiB 
[    2.647043] mmcblk0boot0: mmc0:0001 008GE0 partition 1 4.00 MiB
[    2.653093] mmcblk0boot1: mmc0:0001 008GE0 partition 2 4.00 MiB
[    2.659560]  mmcblk0: p1(fastboot) p2(partition) p3(loader) p4(loaderbak) p5(deviceinfo) p6(baseparam) p7(pqparam) p8(logo) p9(fastplay) p10(factory) p11(boot) p12(misc) p13(qbboot) p14(qbdata) p15(swdb) p16(cache) p17(backup) p18(system) p19(userdata)
[    2.687249]  mmcblk0boot1: unknown partition table
[    2.693453]  mmcblk0boot0: unknown partition table
[    2.793681] hi_mci0: eMMC/MMC/SD Device NOT detected!
[    2.821167] hidraw: raw HID events driver (C) Jiri Kosina
[    2.836383] usbcore: registered new interface driver usbhid
[    2.841977] usbhid: USB HID core driver
[    2.846382] zram: Created 1 device(s) ...
[    2.851556] ashmem: initialized
[    2.854952] logger: created 256K log 'log_main'
[    2.859757] logger: created 256K log 'log_events'
[    2.864693] logger: created 256K log 'log_radio'
[    2.869532] logger: created 256K log 'log_system'
[    2.880131] usbcore: registered new interface driver snd-usb-audio
[    2.887392] oprofile: using timer interrupt.
[    2.891791] GACT probability on
[    2.894950] Mirror/redirect action on
[    2.898616] Failed to load ipt action
[    2.902281] Simple TC action Loaded
[    2.906508] netem: version 1.3
[    2.909584] u32 classifier
[    2.912295]     Performance counters on
[    2.916137]     input device check on
[    2.919801]     Actions configured
[    2.923216] Netfilter messages via NETLINK v0.30.
[    2.927999] nf_conntrack version 0.5.0 (16384 buckets, 65536 max)
[    2.934931] ctnetlink v0.93: registering with nfnetlink.
[    2.940354] NF_TPROXY: Transparent proxy support initialized, version 4.1.0
[    2.947326] NF_TPROXY: Copyright (c) 2006-2007 BalaBit IT Ltd.
[    2.953774] xt_time: kernel timezone is -0000
[    2.958149] IPVS: Registered protocols ()
[    2.962203] IPVS: Connection hash table configured (size=4096, memory=32Kbytes)
[    2.969641] IPVS: Creating netns size=776 id=0
[    2.974133] IPVS: ipvs loaded.
[    2.977481] ip_tables: (C) 2000-2006 Netfilter Core Team
[    2.982929] ipt_CLUSTERIP: ClusterIP Version 0.8 loaded successfully
[    2.989337] arp_tables: (C) 2002 David S. Miller
[    2.994001] TCP: cubic registered
[    2.998271] NET: Registered protocol family 10
[    3.003520] ip6_tables: (C) 2000-2006 Netfilter Core Team
[    3.009132] NET: Registered protocol family 17
[    3.013682] Bridge firewalling registered
[    3.017829] Bluetooth: RFCOMM TTY layer initialized
[    3.022744] Bluetooth: RFCOMM socket layer initialized
[    3.027894] Bluetooth: RFCOMM ver 1.11
[    3.031650] Bluetooth: BNEP (Ethernet Emulation) ver 1.3
[    3.036966] Bluetooth: BNEP filters: protocol multicast
[    3.042211] Bluetooth: BNEP socket layer initialized
[    3.047181] Bluetooth: HIDP (Human Interface Emulation) ver 1.2
[    3.053117] Bluetooth: HIDP socket layer initialized
[    3.058088] 8021q: 802.1Q VLAN Support v1.8
[    3.062294] lib80211: common routines for IEEE802.11 drivers

[    3.068424] VFP support v0.3: implementor 41 architecture 2 part 30 variant 7 rev 5
[    3.078090] console [netcon0] enabled
[    3.081770] netconsole: network logging started
[    3.090454] Load hi_tde.ko success.		(SDK_VERSION:[HiSTBAndroidV600R001C00SPC061_v2015073112] Build Time:[Jul 28 2016, 10:20:21])
[    3.112981] Load hi_fb.ko success.		(SDK_VERSION:[HiSTBAndroidV600R001C00SPC061_v2015073112] Build Time:[Jul 28 2016, 10:19:46])
[    3.129396] DieID is locked!
[    3.139467] hisi-sndcard hisi-sndcard:  aiao-hifi <-> hisi-i2s mapping ok
[    3.151878] Load hi_png.ko success.		(SDK_VERSION:[HiSTBAndroidV600R001C00SPC061_v2015073112] Build Time:[Jul 28 2016, 10:20:15])
[    3.164071] Load hi_jpegenc.ko success.	(SDK_VERSION:[HiSTBAndroidV600R001C00SPC061_v2015073112] Build Time:[Jul 28 2016, 10:20:04])
[    3.189202] enter temperature_control_thread
[    3.189793] ALSA device list:
[    3.189797]   #0: HISI-AIAO
[    3.199710] Freeing unused kernel memory: 460K (80f4b000 - 80fbe000)
[    4.222245] init: /init.bigfish.rc: 68: invalid option 'sdcard_r'
[    4.228629] init: /init.bigfish.rc: 179: invalid service name 'mtk_p2p_supplicant'
[    4.236797] init:  not 512M version
[    4.240367] init (1): /proc/1/oom_adj is deprecated, please use /proc/1/oom_score_adj instead.
[    4.351102] init: /dev/hw_random not found
[    4.355567] init: cannot open '/initlogo.rle'
[    4.368043] EXT4-fs (mmcblk0p18): mounted filesystem with ordered data mode. Opts: (null)
[    4.376385] init: e2fsck /dev/block/platform/hi_mci.1/by-name/userdata
[    4.714705] EXT4-fs (mmcblk0p19): recovery complete
[    4.720139] EXT4-fs (mmcblk0p19): mounted filesystem with ordered data mode. Opts: (null)
[    4.728451] init: e2fsck /dev/block/platform/hi_mci.1/by-name/swdb
[    4.745252] EXT4-fs (mmcblk0p15): recovery complete
[    4.750677] EXT4-fs (mmcblk0p15): mounted filesystem with ordered data mode. Opts: (null)
[    4.758989] init: e2fsck /dev/block/platform/hi_mci.1/by-name/cache
[    4.776194] EXT4-fs (mmcblk0p16): recovery complete
[    4.781625] EXT4-fs (mmcblk0p16): mounted filesystem with ordered data mode. Opts: (null)
[    4.797113] EXT4-fs (mmcblk0p17): recovery complete
[    4.802525] EXT4-fs (mmcblk0p17): mounted filesystem with ordered data mode. Opts: (null)
[    4.819045] init: /dev/hw_random not found
[    4.858821] IPv6: ADDRCONF(NETDEV_UP): eth0: link is not ready
[    4.869932] healthd: No charger supplies found
[    4.872592] init: cannot find '/system/bin/rild', disabling 'ril-daemon'
[    4.874053] init: cannot find '/system/bin/dbus-daemon', disabling 'dbus'
[    4.874562] init: cannot find '/system/etc/install-recovery.sh', disabling 'flash_recovery'
[    4.876102] init: cannot find '/system/bin/frontPanel', disabling 'frontPanel'
[    4.879546] init: cannot find '/system/bin/dtvserver', disabling 'dtvserver'
[    4.879598] init: cannot find '/system/bin/hidns-sd', disabling 'hidns-sd'
[    4.879628] init: cannot find '/system/bin/usb-driver', disabling 'usb-driver'
[    4.882082] init: property 'sys.powerctl' doesn't exist while expanding '${sys.powerctl}'
[    4.882095] init: powerctl: cannot expand '${sys.powerctl}'
[    4.882109] init: property 'sys.sysctl.extra_free_kbytes' doesn't exist while expanding '${sys.sysctl.extra_free_kbytes}'
[    4.882116] init: cannot expand '${sys.sysctl.extra_free_kbytes}' while writing to '/proc/sys/vm/extra_free_kbytes'
[    4.886439] g_ffs: read descriptors
[    4.886453] g_ffs: read strings
[    4.886544] g_ffs gadget: g_ffs ready
[    4.970100] healthd: BatteryStatusPath not found
[    4.974825] healthd: BatteryHealthPath not found
[    4.979511] healthd: BatteryPresentPath not found
[    4.984311] healthd: BatteryCapacityPath not found
[    4.989156] healthd: BatteryVoltagePath not found
[    4.993982] healthd: BatteryTemperaturePath not found
[    4.994327] EXT4-fs (mmcblk0p18): re-mounted. Opts: (null)
[    5.004623] healthd: BatteryTechnologyPath not found
[    5.179746] EXT4-fs (mmcblk0p18): re-mounted. Opts: (null)
[    5.370950] ehci_hcd: USB 2.0 'Enhanced' Host Controller (EHCI) Driver
[    5.377639] hiusb-ehci hiusb-ehci.0: HIUSB EHCI
[    5.382245] hiusb-ehci hiusb-ehci.0: new USB bus registered, assigned bus number 1
[    5.390350] 
[    5.390350] 
[    5.390350] Welcome to HiAndroid
[    5.390350] 
[    5.390350] 
[    5.404634] hiusb-ehci hiusb-ehci.0: irq 98, io mem 0xf9890000
[    5.415827] hiusb-ehci hiusb-ehci.0: USB 0.0 started, EHCI 1.00
[    5.450936] hub 1-0:1.0: USB hub found
[    5.454877] hub 1-0:1.0: 2 ports detected
[    5.479295] hiusb-ehci hiusb-ehci.1: HIUSB EHCI
[    5.483918] hiusb-ehci hiusb-ehci.1: new USB bus registered, assigned bus number 2
[    5.501100] hiusb-ehci hiusb-ehci.1: irq 94, io mem 0xf9930000
[    5.517794] hiusb-ehci hiusb-ehci.1: USB 0.0 started, EHCI 1.00
[    5.550937] hub 2-0:1.0: USB hub found
[    5.554948] hub 2-0:1.0: 1 port detected
[    5.582901] ohci_hcd: USB 1.1 'Open' Host Controller (OHCI) Driver
[    5.590642] hiusb-ohci hiusb-ohci.0: HIUSB OHCI
[    5.595325] hiusb-ohci hiusb-ohci.0: new USB bus registered, assigned bus number 3
[    5.603053] hiusb-ohci hiusb-ohci.0: irq 99, io mem 0xf9880000
[    5.665805] hub 3-0:1.0: USB hub found
[    5.669871] hub 3-0:1.0: 2 ports detected
[    5.674813] hiusb-ohci hiusb-ohci.1: HIUSB OHCI
[    5.679456] hiusb-ohci hiusb-ohci.1: new USB bus registered, assigned bus number 4
[    5.687153] hiusb-ohci hiusb-ohci.1: irq 95, io mem 0xf9920000
[    5.749465] hub 4-0:1.0: USB hub found
[    5.753390] hub 4-0:1.0: 1 port detected
[    5.819775] [1299563968 ERROR-HI_CIPHER]:DRV_CIPHER_LoadHdcpKey[2505]:HDCP KEY CRC32_1 compare failed![1299563977 ERROR-HI_HDMI]:DRV_HDMI_LoadKey[3241]:Load hdcp key error!
[    5.973876] libphy: himii:01 - Link is Down
[    6.217722] hiusb-xhci hiusb-xhci.0: xHCI Host Controller
[    6.223232] hiusb-xhci hiusb-xhci.0: new USB bus registered, assigned bus number 5
[    6.235122] hiusb-xhci hiusb-xhci.0: irq 101, io mem 0xf98a0000
[    6.243422] hub 5-0:1.0: USB hub found
[    6.247364] hub 5-0:1.0: 1 port detected
[    6.251881] hiusb-xhci hiusb-xhci.0: xHCI Host Controller
[    6.257410] hiusb-xhci hiusb-xhci.0: new USB bus registered, assigned bus number 6
[    6.267942] hub 6-0:1.0: USB hub found
[    6.271906] hub 6-0:1.0: 1 port detected
[    6.294259] usbcore: registered new interface driver btmtk_usb
[    6.325075] tntfs: module license 'Commercial. For support email ntfs-support@tuxera.com.' taints kernel.
[    6.334729] Disabling lock debugging due to kernel taint
[    6.345615] Tuxera NTFS driver 3014.6.29 [Flags: R/W MODULE].
[    6.364397] create enforce
[    6.981855] libphy: himii:01 - Link is Up - 100/Full
[    6.987028] IPv6: ADDRCONF(NETDEV_CHANGE): eth0: link becomes ready
root@HWEC6108V9:/ # [   11.377093] warning: `zygote' uses 32-bit capabilities (legacy support in use)
[   12.814853] lowmemorykiller: lowmem_shrink: convert oom_adj to oom_score_adj:
[   12.822036] lowmemorykiller: oom_adj 0 => oom_score_adj 0
[   12.827528] lowmemorykiller: oom_adj 1 => oom_score_adj 58
[   12.833058] lowmemorykiller: oom_adj 2 => oom_score_adj 117
[   12.838633] lowmemorykiller: oom_adj 3 => oom_score_adj 176
[   12.844214] lowmemorykiller: oom_adj 9 => oom_score_adj 529
[   12.849794] lowmemorykiller: oom_adj 15 => oom_score_adj 1000
[   13.018823] ttyAMA0: 1 input overrun(s)
logcat |  grep upgradech[   20.089352] ttyAMA0: 1 input overrun(s)

D/SWUpgradeAction( 2187): onSetActionKey:33: upgradech: onsetActionKey
D/SWUpgradeAction( 2187): onAddService:20: upgradech:  upgradeImle :  addservice
D/SWUpgradeIBinderImpl( 2187): <init>:17: upgradech: created SWUpgradeTaskManger
D/SWUpgradeAction( 2187): onCreate:27: upgradech: swupgradeAction oncreated
D/SWUpgradeReceiver( 2187): onReceive:30: upgradech:ui: onreceive: action: android.intent.action.MEDIA_MOUNTED
D/SWUpgradeReceiver( 2187): onReceive:41: upgradech:ui:param is empty
D/SWUpgradeReceiver( 2187): onReceive:62: upgradech:ui: action mediamounted
D/SWUpgradeReceiver( 2187): onReceive:64: upgradech:ui: media path /storage/emulated/0
D/SWUsbUpgradeService( 2187): onStartCommand:236: upgradech:ui:  media mounted path: /storage/emulated/0
D/SWUsbUpgradeService( 2187): onStart:195: upgradech:ui: usbservice onstart
D/SWUsbUpgradeService( 2187): onStart:199: upgradech: regist mMediaReceiver
D/SWUsbUpgradeService( 2187): onStart:201: upgradech; new  mediaReceiver
D/SWUsbUpgradeService( 2187): onDestroy:216: upgradech:ui: usbupgradeservice ondestory
D/SWUpgradeReceiver( 2187): onReceive:30: upgradech:ui: onreceive: action: android.intent.action.BOOT_COMPLETED
D/SWUpgradeReceiver( 2187): onReceive:41: upgradech:ui:param is empty
D/SWUpgradeReceiver( 2187): onReceive:49: upgradech:ui: action: bootcompleted
D/SWBootCompletedUpgradeService( 2187): onStartCommand:420: upgradech:ui:  bootupgradeservice onstartcommend
D/SWBootCompletedUpgradeService( 2187): onStartCommand:433: upgradech:srouce : bootcompleted
D/SWUpgradeReporter( 2187): reportFinishUpgrade:70: upgradech: reportFinishUpgrade
D/SWBootCompletedUpgradeService( 2187): onStart:414: upgradech:ui:  bootupgradeservice onstart
D/SWUpgradeIntervalCheckService( 2187): onStartCommand:374: upgradech:ui:   upgradeintervalservice onstartcommend
D/SWUpgradeReporter( 2187): run:80: upgradech: newVersion=0 oldVersion=0
D/SWUpgradeReporter( 2187): run:84: upgradech:   The NewVersion is null...
D/SWUpgradeIntervalCheckService( 2187): onStartCommand:407: upgradech:ui: checkinterval : 18000000
D/SWUpgradeIntervalCheckService( 2187): onStart:368: upgradech:ui:  intervalcheckService onstart
D/SWBootCompletedUpgradeService( 2187): run:455: upgradech:ui: handler task delayde is  started
D/SWUpgradeManager( 2187): addCallback:63: upgradech: SWupgradeManger addcallback
D/SWUpgradeIBinderImpl( 2187): addCallback:28: upgradech: SWupgradeIbinder addcallback
D/SWUpgradeApplication( 2187): addCallback:116: upgradech: swupgradeapplication addcallback: server
D/SWUpgradeTask( 2187): getInstanceFromMontsOfParam:59: upgradech: servers is null 
D/SWUpgradeTask( 2187): getInstanceFromMontsOfParam:73: SWUriHandler:upgradech:star t connect , server :http://10.10.3.37:8080
D/SWUpgradeTask( 2187): getInstanceFromMontsOfParam:74: SWUriHandler:upgradech:start connect , server_backup :
D/SWUpgradeTask( 2187): getInstanceFromMontsOfParam:75: SWUriHandler:upgradech:start connect , server_sunniwell :
D/SWUpgradeTask( 2187): getInstanceFromMontsOfParam:86: upgradech: servermainUri: http://10.10.3.37:8080/EDS/jsp/upgrade.jsp
D/SWUpgradeTask( 2187): getInstanceFromMontsOfParam:113: upgradech: set forceupgrade: true
D/SWUpgradeTask( 2187): getInstanceFromMontsOfParam:115: upgradech: set isForeground: true
D/SWUpgradeTaskManager( 2187): addtask:211: upgradech: task is add to the map and started immediately.
D/SWUpgradeTaskManager( 2187): handleMessage:100: upgradech:  swupgradeTaskmanger  new task added
D/SWUpgradeTaskManager( 2187): getNextTask:302: upgradech: getNextTask 
D/SWUpgradeTaskManager( 2187): getNextTask:305: upgradech: mTaskMap is not null  + map.size() :1
D/SWUpgradeTaskManager( 2187): getNextTask:310: upgradech: get task form mTaskMap  type:server
D/SWUpgradeTaskManager( 2187): handleNextTask:244: upgradech: current Upgrade type:server
D/SWUpgradeTaskManager( 2187): handleNextTask:245: upgradech: current Upgrade package type;:zip
D/SWUpgradeTaskManager( 2187): handleNextTask:247: upgradech: current Upgrade source: ;:bootcompleted
D/SWUpgradeTaskManager( 2187): handleNextTask:249: upgradech: prop changed
D/SWUpgradeTaskManager( 2187): startIniFileParse:270: upgradech: startIniFileParse  time = 0
D/SWIniFileParser( 2187): startParse:118: upgradech: serverAddress is endwith ini  or jsp
D/SWUpgradeUtils( 2187): getSTBParams:16: upgradech : setQueryParam start
D/SWUpgradeUtils( 2187): getSTBParams:32: upgradech: setQueryParam done
D/SWIniFileParser( 2187): sta
rtParse:133: upgradech:  protocal http + formetted serverurl is : http://10.10.3.37:8080/EDS/jsp/upgrade.jsp?TYPE=EC6108V9-01&STBID=1371536727600001&MAC=16:08:11:11:22:33&USER=&VER=81711972021&SoftwareVersion=81711972021&SoftwareHWVersion=V100R003C30LG0005&HardwareVersion=EC6108V9-01&CHECKSUM=16102
D/SWIniFileParser( 2187): run:188: upgradech:  started  mserverAddress: http://10.10.3.37:8080/EDS/jsp/upgrade.jsp?TYPE=EC6108V9-01&STBID=1371536727600001&MAC=16:08:11:11:22:33&USER=&VER=81711972021&SoftwareVersion=81711972021&SoftwareHWVersion=V100R003C30LG0005&HardwareVersion=EC6108V9-01&CHECKSUM=16102
D/SWIniFileParser( 2187): run:196: upgradech: mUrl :http://10.10.3.37:8080/EDS/jsp/upgrade.jsp?TYPE=EC6108V9-01&STBID=1371536727600001&MAC=16:08:11:11:22:33&USER=&VER=81711972021&SoftwareVersion=81711972021&SoftwareHWVersion=V100R003C30LG0005&HardwareVersion=EC6108V9-01&CHECKSUM=16102
D/SWIniFileParser( 2187): run:201: upgradech: request ini file start current count0
D/SWIniFileParser( 2187): run:216: upgradech: connection.connect()
D/SWIniFileParser( 2187): run:241: upgradech: responseCode:200
D/SWIniFileParser( 2187): run:244: upgradech: response code ok
D/SWIniFileParser( 2187): parser:374: upgradech: inifile line: [FIRMWARE-FULL]
D/SWIniFileParser( 2187): parser:401: upgradech:Fromversion=FULL
D/SWIniFileParser( 2187): parser:374: upgradech: inifile line: Version=81711972025
D/SWIniFileParser( 2187): parser:424: upgradech:key=Version value=81711972025
I/SWIniFileParser( 2187): parser:429: upgradech:set version 81711972025
D/SWIniFileParser( 2187): parser:374: upgradech: inifile line: FileName=full-EC6108V9-01-81711972025-EMMC_8G-VMX_ADV_CA-dummy_sign_s00_user-2016-08-30-14-52-16.zip
D/SWIniFileParser( 2187): parser:424: upgradech:key=FileName value=full-EC6108V9-01-81711972025-EMMC_8G-VMX_ADV_CA-dummy_sign_s00_user-2016-08-30-14-52-16.zip
I/SWIniFileParser( 2187): parser:433: upgradech:set FileName full-EC6108V9-01-81711972025-EMMC_8G-VMX_ADV_CA-dummy_sign_s00_user-2016-08-30-14-52-16.zip
D/SWIniFileParser( 2187): parser:374: upgradech: inifile line: FromVersion=0
D/SWIniFileParser( 2187): parser:424: upgradech:key=FromVersion value=0
I/SWIniFileParser( 2187): parser:436: upgradech:set FromVersion 0
D/SWIniFileParser( 2187): parser:374: upgradech: inifile line: 
D/SWIniFileParser( 2187): parser:374: upgradech: inifile line: #[APK-com.tencent.mobileqq]
D/SWIniFileParser( 2187): parser:380: upgradech:current line is ignored.
D/SWIniFileParser( 2187): parser:374: upgradech: inifile line: #CMD=install
D/SWIniFileParser( 2187): parser:380: upgradech:current line is ignored.
D/SWIniFileParser( 2187): parser:374: upgradech: inifile line: #Apkname=mobileqq_android.apk
D/SWIniFileParser( 2187): parser:380: upgradech:current line is ignored.
D/SWIniFileParser( 2187): parser:374: upgradech: inifile line: #version=52352542352525425
D/SWIniFileParser( 2187): parser:380: upgradech:current line is ignored.
D/SWIniFileParser( 2187): parser:374: upgradech: inifile line: #fromversion=0
D/SWIniFileParser( 2187): parser:380: upgradech:current line is ignored.
D/SWIniFileParser( 2187): run:248: upgradech: mMap.size():1
D/SWUpgradeTaskManager( 2187): onIniFileSuccess:324: upgradech: server oniniFile success http://10.10.3.37:8080/EDS/jsp/upgrade.jsp?TYPE=EC6108V9-01&STBID=1371536727600001&MAC=16:08:11:11:22:33&USER=&VER=81711972021&SoftwareVersion=81711972021&SoftwareHWVersion=V100R003C30LG0005&HardwareVersion=EC6108V9-01&CHECKSUM=16102
D/SWUpgradeTaskManager( 2187): onIniFileSuccess:376: upgradech: get backup  package:
D/SWUpgradeTaskManager( 2187): onIniFileSuccess:397: upgradech:has no backup package
D/SWUpgradeTaskManager( 2187): onIniFileSuccess:405: upgradech: has no patch package,so get full package
D/SWUpgradeTaskManager( 2187): onIniFileSuccess:412: upgradech: has full package
D/SWUpgradeTaskManager( 2187): onIniFileSuccess:430: upgradech: can upgrade  get upgradefile path: 
D/SWUpgradeTaskManager( 2187): onIniFileSuccess:433: upgradech:server path :http://10.10.3.37:8080/EDS/jsp/upgrade.jsp?TYPE=EC6108V9-01&STBID=1371536727600001&MAC=16:08:11:11:22:33&USER=&VER=81711972021&SoftwareVersion=81711972021&SoftwareHWVersion=V100R003C30LG0005&HardwareVersion=EC6108V9-01&CHECKSUM=16102
D/SWUpgradeTaskManager( 2187): onIniFileSuccess:434: upgradech: server.getPath:/EDS/jsp/upgrade.jsp
D/SWUpgradeTaskManager( 2187): onIniFileSuccess:453: upgradech: upgradeFilePath;http://10.10.3.37:8080/EDS/jsp/upgrade.jsp?TYPE=EC6108V9-01&FILENAME=full-EC6108V9-01-81711972025-EMMC_8G-VMX_ADV_CA-dummy_sign_s00_user-2016-08-30-14-52-16.zip
D/SWUpgradeTaskManager( 2187): onIniFileSuccess:479: upgradech: mUPgradeTask ==null?false
D/SWUpgradeTaskManager( 2187): onIniFileSuccess:480: upgradech: mApkArrayList.size0
D/SWUpgradeTaskManager( 2187): onIniFileSuccess:497: upgradech: msg.obj: 81711972025##0
D/SWUpgradeApplication( 2187): setNewVersion:60: upgradech: setNewVersion: 81711972025
D/SWUpgradeApplication( 2187): onHasNewMessage:410: upgradech: server_upgrade  version get 
D/SWUpgradeApplication( 2187): onHasNewMessage:411: upgradech: upgrade type : server
D/SWUpgradeApplication( 2187): onHasNewMessage:430: upgradech: current i= 0
D/SWBootCompletedUpgradeService( 2187): onChecked:474: upgradech:ui  onchecked
D/SWBootCompletedUpgradeService( 2187): onChecked:488: upgradech:ui: upgradech version get version: 81711972025
D/SWIniFileParser( 2187): run:260: upgradech: set result 0
D/SWBootCompletedUpgradeService( 2187): handleMessage:66: upgradech:ui: show start upgrade dialog version : 81711972025##0
D/SWBootCompletedUpgradeService( 2187): handleMessage:68: upgradech:ui: forceUpgrade
D/SWUpgradeTaskManager( 2187): nextStep:647: upgradech: current type is the same, so  do next step
D/SWUpgradeTaskManager( 2187): nextStep:654: upgradech:  next step  there is no   ApkupgradeDetailedTask
D/SWUpgradeTaskManager( 2187): doUpgradeFilePrepare:751: upgradech: do package upgrade
D/SWUpgradeFileDownloader( 2187): startFileDownload:65: upgradech: targetFile.
D/SWUpgradeFileDownloader( 2187): startFileDownload:66: upgradech: targetFile path /cache/update/update.zip
D/SWUpgradeFileDownloader( 2187): startFileDownload:67: upgradech: targetfile upgrdeFilePath :http://10.10.3.37:8080/EDS/jsp/upgrade.jsp?TYPE=EC6108V9-01&FILENAME=full-EC6108V9-01-81711972025-EMMC_8G-VMX_ADV_CA-dummy_sign_s00_user-2016-08-30-14-52-16.zip
D/SWUpgradeFileDownloader( 2187): startFileDownload:69: upgradech: courrent download Type +  server
D/SWUpgradeFileDownloader( 2187): startFileDownload:89: upgradech: current upgrade need internet access  upgradepath:http://10.10.3.37:8080/EDS/jsp/upgrade.jsp?TYPE=EC6108V9-01&FILENAME=full-EC6108V9-01-81711972025-EMMC_8G-VMX_ADV_CA-dummy_sign_s00_user-2016-08-30-14-52-16.zip
D/SWUpgradeFileDownloader( 2187): doServerFileDownload:223: upgradech: mTask.getTargetFile():/cache/update/update.zip
D/SWUpgradeFileDownloader( 2187): doServerFileDownload:225: upgradech: mtask.getVersion
D/SWUpgradeFileDownloader( 2187): doServerFileDownload:228: upgradech:serverUpgrade: mPreFile path /cache/update/81711972025.zip
D/SWUpgradeFileDownloader( 2187): doServerFileDownload:281: upgradech: oh, there is a file that no finished last time, carry on 
D/SWUpgradeFileDownloader( 2187): doServerFileDownload:285: upgradech:  mPreFile.size0
D/SWUpgradeFileDownloader( 2187): run:434: upgradech:responseCode=200totalSize=0startPos=0
D/SWUpgradeFileDownloader( 2187): run:435: upgradech:url=http://10.10.3.37:8080/EDS/jsp/upgrade.jsp?TYPE=EC6108V9-01&FILENAME=full-EC6108V9-01-81711972025-EMMC_8G-VMX_ADV_CA-dummy_sign_s00_user-2016-08-30-14-52-16.zip
D/SWUpgradeFileDownloader( 2187): run:490: upgradech: not enought space
D/SWUpgradeApplication( 2187): onHasNewMessage:206: upgradech: server_upgrade  download nospace 
D/SWBootCompletedUpgradeService( 2187): onError:515: upgradech:ui: onerror
D/SWBootCompletedUpgradeService( 2187): onError:532: upgradech:ui:  there is no enogth  space show this error
D/SWErroInfoView( 2187): getView:43: upgradech: SWWindowView show

D/SWBootCompletedUpgradeService( 2187): onConfirm:190: upgradech:ui: error confirmed
D/SWUpgradeTaskManager( 2187): stop:606: upgradech: prop changed
D/SWUpgradeTaskManager( 2187): resetParam:280: upgradech: current taskmap.size()=1
D/SWUpgradeTaskManager( 2187): resetParam:285: upgradech: current taskmap.size()=0
D/SWUpgradeTaskManager( 2187): resetParam:286: upgradech: resetparam
D/SWUpgradeTaskManager( 2187): resetParam:292: upgradech: prop changed
D/SWUpgradeTaskManager( 2187): getNextTask:302: upgradech: getNextTask 
D/SWUpgradeTaskManager( 2187): handleNextTask:258: upgradech: prop changed
D/SWUpgradeTaskManager( 2187): handleNextTask:261: upgradech:sorry ,there is no task in the uriList
[   25.442396] init: sys_prop: permission denied uid:1000  name:java.net.preferIPv4Stack
[   25.452119] init: sys_prop: permission denied uid:1000  name:java.net.preferIPv6Addresses




[   44.611516] nf_conntrack: automatic helper assignment is deprecated and it will be removed soon. Use the iptables CT target to attach helpers instead.
D/SWUpgradeReceiver( 2187): onReceive:30: upgradech:ui: onreceive: action: android.net.ethernet.ETHERNET_STATE_CHANGE
D/SWUpgradeReceiver( 2187): onReceive:41: upgradech:ui:param is empty
D/SWUpgradeReceiver( 2187): onReceive:79: upgradech:ui: eth changed
D/SWUpgradeReceiver( 2187): onReceive:85: upgradech:ui: state=10
D/SWUpgradeReceiver( 2187): onReceive:90: upgradech:systemProperty is : 0
D/SWUpgradeReceiver( 2187): onReceive:91: upgradech:ui: CONNECT_SUCCESSED
D/SWBootCompletedUpgradeService( 2187): onStartCommand:420: upgradech:ui:  bootupgradeservice onstartcommend
D/SWBootCompletedUpgradeService( 2187): onStartCommand:433: upgradech:srouce : ethChanged
D/SWUpgradeReporter( 2187): reportFinishUpgrade:70: upgradech: reportFinishUpgrade
D/SWBootCompletedUpgradeService( 2187): onStart:414: upgradech:ui:  bootupgradeservice onstart
D/SWBootCompletedUpgradeService( 2187): run:455: upgradech:ui: handler task delayde is  started
D/SWUpgradeManager( 2187): addCallback:63: upgradech: SWupgradeManger addcallback
D/SWUpgradeIBinderImpl( 2187): addCallback:28: upgradech: SWupgradeIbinder addcallback
D/SWUpgradeApplication( 2187): addCallback:116: upgradech: swupgradeapplication addcallback: server
D/SWUpgradeTask( 2187): getInstanceFromMontsOfParam:59: upgradech: servers is null 
D/SWUpgradeTask( 2187): getInstanceFromMontsOfParam:73: SWUriHandler:upgradech:star t connect , server :http://10.10.3.37:8080
D/SWUpgradeTask( 2187): getInstanceFromMontsOfParam:74: SWUriHandler:upgradech:start connect , server_backup :
D/SWUpgradeTask( 2187): getInstanceFromMontsOfParam:75: SWUriHandler:upgradech:start connect , server_sunniwell :
D/SWUpgradeTask( 2187): getInstanceFromMontsOfParam:86: upgradech: servermainUri: http://10.10.3.37:8080/EDS/jsp/upgrade.jsp
D/SWUpgradeTask( 2187): getInstanceFromMontsOfParam:113: upgradech: set forceupgrade: true
D/SWUpgradeTask( 2187): getInstanceFromMontsOfParam:115: upgradech: set isForeground: true
D/SWUpgradeTaskManager( 2187): addtask:211: upgradech: task is add to the map and started immediately.
D/SWUpgradeTaskManager( 2187): handleMessage:100: upgradech:  swupgradeTaskmanger  new task added
D/SWUpgradeTaskManager( 2187): getNextTask:302: upgradech: getNextTask 
D/SWUpgradeTaskManager( 2187): getNextTask:305: upgradech: mTaskMap is not null  + map.size() :1
D/SWUpgradeTaskManager( 2187): getNextTask:310: upgradech: get task form mTaskMap  type:server
D/SWUpgradeTaskManager( 2187): handleNextTask:244: upgradech: current Upgrade type:server
D/SWUpgradeTaskManager( 2187): handleNextTask:245: upgradech: current Upgrade package type;:zip
D/SWUpgradeTaskManager( 2187): handleNextTask:247: upgradech: current Upgrade source: ;:ethChanged
D/SWUpgradeTaskManager( 2187): handleNextTask:249: upgradech: prop changed
D/SWUpgradeTaskManager( 2187): startIniFileParse:270: upgradech: startIniFileParse  time = 0
D/SWIniFileParser( 2187): startParse:118: upgradech: serverAddress is endwith ini  or jsp
D/SWUpgradeUtils( 2187): getSTBParams:16: upgradech : setQueryParam start
D/SWUpgradeUtils( 2187): getSTBParams:32: upgradech: setQueryParam done
D/SWIniFileParser( 2187): startParse:133: upgradech:  protocal http + formetted serverurl is : http://10.10.3.37:8080/EDS/jsp/upgrade.jsp?TYPE=EC6108V9-01&STBID=1371536727600001&MAC=16:08:11:11:22:33&USER=&VER=81711972021&SoftwareVersion=81711972021&SoftwareHWVersion=V100R003C30LG0005&HardwareVersion=EC6108V9-01&CHECKSUM=16102
D/SWUpgradeReporter( 2187): run:80: upgradech: newVersion=0 oldVersion=0
D/SWIniFileParser( 2187): run:188: upgradech:  started  mserverAddress: http://10.10.3.37:8080/EDS/jsp/upgrade.jsp?TYPE=EC6108V9-01&STBID=1371536727600001&MAC=16:08:11:11:22:33&USER=&VER=81711972021&SoftwareVersion=81711972021&SoftwareHWVersion=V100R003C30LG0005&HardwareVersion=EC6108V9-01&CHECKSUM=16102
D/SWIniFileParser( 2187): run:196: upgradech: mUrl :http://10.10.3.37:8080/EDS/jsp/upgrade.jsp?TYPE=EC6108V9-01&STBID=1371536727600001&MAC=16:08:11:11:22:33&USER=&VER=81711972021&SoftwareVersion=81711972021&SoftwareHWVersion=V100R003C30LG0005&HardwareVersion=EC6108V9-01&CHECKSUM=16102
D/SWIniFileParser( 2187): run:201: upgradech: request ini file start current count0
D/SWIniFileParser( 2187): run:216: upgradech: connection.connect()
D/SWUpgradeReporter( 2187): run:84: upgradech:   The NewVersion is null...
D/SWIniFileParser( 2187): run:241: upgradech: responseCode:200
D/SWIniFileParser( 2187): run:244: upgradech: response code ok
D/SWIniFileParser( 2187): parser:374: upgradech: inifile line: [FIRMWARE-FULL]
D/SWIniFileParser( 2187): parser:401: upgradech:Fromversion=FULL
D/SWIniFileParser( 2187): parser:374: upgradech: inifile line: Version=81711972025
D/SWIniFileParser( 2187): parser:424: upgradech:key=Version value=81711972025
I/SWIniFileParser( 2187): parser:429: upgradech:set version 81711972025
D/SWIniFileParser( 2187): parser:374: upgradech: inifile line: FileName=full-EC6108V9-01-81711972025-EMMC_8G-VMX_ADV_CA-dummy_sign_s00_user-2016-08-30-14-52-16.zip
D/SWIniFileParser( 2187): parser:424: upgradech:key=FileName value=full-EC6108V9-01-81711972025-EMMC_8G-VMX_ADV_CA-dummy_sign_s00_user-2016-08-30-14-52-16.zip
I/SWIniFileParser( 2187): parser:433: upgradech:set FileName full-EC6108V9-01-81711972025-EMMC_8G-VMX_ADV_CA-dummy_sign_s00_user-2016-08-30-14-52-16.zip
D/SWIniFileParser( 2187): parser:374: upgradech: inifile line: FromVersion=0
D/SWIniFileParser( 2187): parser:424: upgradech:key=FromVersion value=0
I/SWIniFileParser( 2187): parser:436: upgradech:set FromVersion 0
D/SWIniFileParser( 2187): parser:374: upgradech: inifile line: 
D/SWIniFileParser( 2187): parser:374: upgradech: inifile line: #[APK-com.tencent.mobileqq]
D/SWIniFileParser( 2187): parser:380: upgradech:current line is ignored.
D/SWIniFileParser( 2187): parser:374: upgradech: inifile line: #CMD=install
D/SWIniFileParser( 2187): parser:380: upgradech:current line is ignored.
D/SWIniFileParser( 2187): parser:374: upgradech: inifile line: #Apkname=mobileqq_android.apk
D/SWIniFileParser( 2187): parser:380: upgradech:current line is ignored.
D/SWIniFileParser( 2187): parser:374: upgradech: inifile line: #version=52352542352525425
D/SWIniFileParser( 2187): parser:380: upgradech:current line is ignored.
D/SWIniFileParser( 2187): parser:374: upgradech: inifile line: #fromversion=0
D/SWIniFileParser( 2187): parser:380: upgradech:current line is ignored.
D/SWIniFileParser( 2187): run:248: upgradech: mMap.size():1
D/SWUpgradeTaskManager( 2187): onIniFileSuccess:324: upgradech: server oniniFile success http://10.10.3.37:8080/EDS/jsp/upgrade.jsp?TYPE=EC6108V9-01&STBID=1371536727600001&MAC=16:08:11:11:22:33&USER=&VER=81711972021&SoftwareVersion=81711972021&SoftwareHWVersion=V100R003C30LG0005&HardwareVersion=EC6108V9-01&CHECKSUM=16102
D/SWUpgradeTaskManager( 2187): onIniFileSuccess:376: upgradech: get backup  package:
D/SWUpgradeTaskManager( 2187): onIniFileSuccess:397: upgradech:has no backup package
D/SWUpgradeTaskManager( 2187): onIniFileSuccess:405: upgradech: has no patch package,so get full package
D/SWUpgradeTaskManager( 2187): onIniFileSuccess:412: upgradech: has full package
D/SWUpgradeTaskManager( 2187): onIniFileSuccess:430: upgradech: can upgrade  get upgradefile path: 
D/SWUpgradeTaskManager( 2187): onIniFileSuccess:433: upgradech:server path :http://10.10.3.37:8080/EDS/jsp/upgrade.jsp?TYPE=EC6108V9-01&STBID=1371536727600001&MAC=16:08:11:11:22:33&USER=&VER=81711972021&SoftwareVersion=81711972021&SoftwareHWVersion=V100R003C30LG0005&HardwareVersion=EC6108V9-01&CHECKSUM=16102
D/SWUpgradeTaskManager( 2187): onIniFileSuccess:434: upgradech: server.getPath:/EDS/jsp/upgrade.jsp
D/SWUpgradeTaskManager( 2187): onIniFileSuccess:453: upgradech: upgradeFilePath;http://10.10.3.37:8080/EDS/jsp/upgrade.jsp?TYPE=EC6108V9-01&FILENAME=full-EC6108V9-01-81711972025-EMMC_8G-VMX_ADV_CA-dummy_sign_s00_user-2016-08-30-14-52-16.zip
D/SWUpgradeTaskManager( 2187): onIniFileSuccess:479: upgradech: mUPgradeTask ==null?false
D/SWUpgradeTaskManager( 2187): onIniFileSuccess:480: upgradech: mApkArrayList.size0
D/SWUpgradeTaskManager( 2187): onIniFileSuccess:497: upgradech: msg.obj: 81711972025##0
D/SWUpgradeApplication( 2187): setNewVersion:60: upgradech: setNewVersion: 81711972025
D/SWUpgradeApplication( 2187): onHasNewMessage:410: upgradech: server_upgrade  version get 
D/SWUpgradeApplication( 2187): onHasNewMessage:411: upgradech: upgrade type : server
D/SWUpgradeApplication( 2187): onHasNewMessage:430: upgradech: current i= 0
D/SWBootCompletedUpgradeService( 2187): onChecked:474: upgradech:ui  onchecked
D/SWBootCompletedUpgradeService( 2187): onChecked:488: upgradech:ui: upgradech version get version: 81711972025
D/SWIniFileParser( 2187): run:260: upgradech: set result 0
D/SWBootCompletedUpgradeService( 2187): handleMessage:66: upgradech:ui: show start upgrade dialog version : 81711972025##0
D/SWBootCompletedUpgradeService( 2187): handleMessage:68: upgradech:ui: forceUpgrade
D/SWUpgradeTaskManager( 2187): nextStep:647: upgradech: current type is the same, so  do next step
D/SWUpgradeTaskManager( 2187): nextStep:654: upgradech:  next step  there is no   ApkupgradeDetailedTask
D/SWUpgradeTaskManager( 2187): doUpgradeFilePrepare:751: upgradech: do package upgrade
D/SWUpgradeFileDownloader( 2187): startFileDownload:65: upgradech: targetFile.
D/SWUpgradeFileDownloader( 2187): startFileDownload:66: upgradech: targetFile path /cache/update/update.zip
D/SWUpgradeFileDownloader( 2187): startFileDownload:67: upgradech: targetfile upgrdeFilePath :http://10.10.3.37:8080/EDS/jsp/upgrade.jsp?TYPE=EC6108V9-01&FILENAME=full-EC6108V9-01-81711972025-EMMC_8G-VMX_ADV_CA-dummy_sign_s00_user-2016-08-30-14-52-16.zip
D/SWUpgradeFileDownloader( 2187): startFileDownload:69: upgradech: courrent download Type +  server
D/SWUpgradeFileDownloader( 2187): startFileDownload:89: upgradech: current upgrade need internet access  upgradepath:http://10.10.3.37:8080/EDS/jsp/upgrade.jsp?TYPE=EC6108V9-01&FILENAME=full-EC6108V9-01-81711972025-EMMC_8G-VMX_ADV_CA-dummy_sign_s00_user-2016-08-30-14-52-16.zip
D/SWUpgradeFileDownloader( 2187): doServerFileDownload:223: upgradech: mTask.getTargetFile():/cache/update/update.zip
D/SWUpgradeFileDownloader( 2187): doServerFileDownload:225: upgradech: mtask.getVersion
D/SWUpgradeFileDownloader( 2187): doServerFileDownload:228: upgradech:serverUpgrade: mPreFile path /cache/update/81711972025.zip
D/SWUpgradeFileDownloader( 2187): doServerFileDownload:281: upgradech: oh, there is a file that no finished last time, carry on 
D/SWUpgradeFileDownloader( 2187): doServerFileDownload:285: upgradech:  mPreFile.size0
D/SWUpgradeFileDownloader( 2187): run:434: upgradech:responseCode=200totalSize=0startPos=0
D/SWUpgradeFileDownloader( 2187): run:435: upgradech:url=http://10.10.3.37:8080/EDS/jsp/upgrade.jsp?TYPE=EC6108V9-01&FILENAME=full-EC6108V9-01-81711972025-EMMC_8G-VMX_ADV_CA-dummy_sign_s00_user-2016-08-30-14-52-16.zip
D/SWUpgradeFileDownloader( 2187): run:490: upgradech: not enought space
D/SWUpgradeApplication( 2187): onHasNewMessage:206: upgradech: server_upgrade  download nospace 
D/SWBootCompletedUpgradeService( 2187): onError:515: upgradech:ui: onerror
D/SWBootCompletedUpgradeService( 2187): onError:532: upgradech:ui:  there is no enogth  space show this error
D/SWErroInfoView( 2187): getView:43: upgradech: SWWindowView show
D/SWBootCompletedUpgradeService( 2187): onConfirm:190: upgradech:ui: error confirmed
D/SWUpgradeTaskManager( 2187): stop:606: upgradech: prop changed
D/SWUpgradeTaskManager( 2187): resetParam:280: upgradech: current taskmap.size()=1
D/SWUpgradeTaskManager( 2187): resetParam:285: upgradech: current taskmap.size()=0
D/SWUpgradeTaskManager( 2187): resetParam:286: upgradech: resetparam
D/SWUpgradeTaskManager( 2187): resetParam:292: upgradech: prop changed
D/SWUpgradeTaskManager( 2187): getNextTask:302: upgradech: getNextTask 
D/SWUpgradeTaskManager( 2187): handleNextTask:258: upgradech: prop changed
D/SWUpgradeTaskManager( 2187): handleNextTask:261: upgradech:sorry ,there is no task in the uriList
[ 9291.872971] usb 6-1: new SuperSpeed USB device number 2 using hiusb-xhci
[ 9291.891117] usb 6-1: Parent hub missing LPM exit latency info.  Power management will be impacted.
[ 9291.904073] usb-storage 6-1:1.0: USB Mass Storage device detected
[ 9291.912039] scsi0 : usb-storage 6-1:1.0
[ 9292.919786] scsi 0:0:0:0: Direct-Access     SanDisk  Ultra            1.00 PQ: 0 ANSI: 6
[ 9292.931454] sd 0:0:0:0: [sda] 30464000 512-byte logical blocks: (15.5 GB/14.5 GiB)
[ 9292.940188] sd 0:0:0:0: [sda] Write Protect is off
[ 9292.945539] sd 0:0:0:0: [sda] Write cache: disabled, read cache: enabled, doesn't support DPO or FUA
[ 9292.961711]  sda: sda1
[ 9292.970842] sd 0:0:0:0: [sda] Attached SCSI removable disk
[ 9295.021746] FAT-fs (sda1): Volume was not properly unmounted. Some data may be corrupt. Please run fsck.
D/SWUpgradeReceiver( 2187): onReceive:30: upgradech:ui: onreceive: action: android.intent.action.MEDIA_MOUNTED
D/SWUpgradeReceiver( 2187): onReceive:41: upgradech:ui:param is empty
D/SWUpgradeReceiver( 2187): onReceive:62: upgradech:ui: action mediamounted
D/SWUpgradeReceiver( 2187): onReceive:64: upgradech:ui: media path /mnt/sda/sda1
D/SWUsbUpgradeService( 2187): onStartCommand:236: upgradech:ui:  media mounted path: /mnt/sda/sda1
D/SWUsbUpgradeService( 2187): onStartCommand:247: upgradech:ui: parentFile  exists
D/SWUsbUpgradeService( 2187): onStartCommand:262: upgradech:ui: files.size()=:6
D/SWUsbUpgradeService( 2187): checkVersionInfo:298: upgradech: receiver : STBinfo: HUAWEIEC6108V9-01 currentVersion: 81711972021
D/SWUsbUpgradeService( 2187): checkVersionInfo:372: upgradech:  start usb upgrade widow, show the select window
D/SWSelectUpgradeFileWindow( 2187): getView:43: upgradech: SWWindowView show
D/SWUsbUpgradeService( 2187): onStart:195: upgradech:ui: usbservice onstart
D/SWUsbUpgradeService( 2187): onStart:199: upgradech: regist mMediaReceiver
D/SWUsbUpgradeService( 2187): onStart:201: upgradech; new  mediaReceiver
D/SWSelectUpgradeFileWindow( 2187): onClick:76: upgradech:ui: oncancel button clicked
D/SWUsbUpgradeService( 2187): onCalcelButtonClicked:448: upgradech:ui: oncancelButtonClicked:
D/SWUsbUpgradeService( 2187): onDestroy:216: upgradech:ui: usbupgradeservice ondestory
D/SWUpgradeIntervalCheckService( 2187): run:394: upgradech:ui: interval check  task delayde is  started
D/SWUpgradeManager( 2187): addCallback:63: upgradech: SWupgradeManger addcallback
D/SWUpgradeIBinderImpl( 2187): addCallback:28: upgradech: SWupgradeIbinder addcallback
D/SWUpgradeApplication( 2187): addCallback:116: upgradech: swupgradeapplication addcallback: server
D/SWUpgradeTask( 2187): getInstanceFromMontsOfParam:59: upgradech: servers is null 
D/SWUpgradeTask( 2187): getInstanceFromMontsOfParam:73: SWUriHandler:upgradech:star t connect , server :http://10.10.3.37:8080
D/SWUpgradeTask( 2187): getInstanceFromMontsOfParam:74: SWUriHandler:upgradech:start connect , server_backup :
D/SWUpgradeTask( 2187): getInstanceFromMontsOfParam:75: SWUriHandler:upgradech:start connect , server_sunniwell :
D/SWUpgradeTask( 2187): getInstanceFromMontsOfParam:86: upgradech: servermainUri: http://10.10.3.37:8080/EDS/jsp/upgrade.jsp
D/SWUpgradeTask( 2187): getInstanceFromMontsOfParam:113: upgradech: set forceupgrade: true
D/SWUpgradeTask( 2187): getInstanceFromMontsOfParam:115: upgradech: set isForeground: true
D/SWUpgradeTaskManager( 2187): addtask:211: upgradech: task is add to the map and started immediately.
D/SWUpgradeTaskManager( 2187): handleMessage:100: upgradech:  swupgradeTaskmanger  new task added
D/SWUpgradeTaskManager( 2187): getNextTask:302: upgradech: getNextTask 
D/SWUpgradeTaskManager( 2187): getNextTask:305: upgradech: mTaskMap is not null  + map.size() :1
D/SWUpgradeTaskManager( 2187): getNextTask:310: upgradech: get task form mTaskMap  type:server
D/SWUpgradeTaskManager( 2187): handleNextTask:244: upgradech: current Upgrade type:server
D/SWUpgradeTaskManager( 2187): handleNextTask:245: upgradech: current Upgrade package type;:zip
D/SWUpgradeTaskManager( 2187): handleNextTask:247: upgradech: current Upgrade source: ;:intervalcheck
D/SWUpgradeTaskManager( 2187): handleNextTask:249: upgradech: prop changed
D/SWUpgradeTaskManager( 2187): startIniFileParse:270: upgradech: startIniFileParse  time = 0
D/SWIniFileParser( 2187): startParse:118: upgradech: serverAddress is endwith ini  or jsp
D/SWUpgradeUtils( 2187): getSTBParams:16: upgradech : setQueryParam start
D/SWUpgradeUtils( 2187): getSTBParams:32: upgradech: setQueryParam done
D/SWIniFileParser( 2187): startParse:133: upgradech:  protocal http + formetted serverurl is : http://10.10.3.37:8080/EDS/jsp/upgrade.jsp?TYPE=EC6108V9-01&STBID=1371536727600001&MAC=16:08:11:11:22:33&USER=&VER=81711972021&SoftwareVersion=81711972021&SoftwareHWVersion=V100R003C30LG0005&HardwareVersion=EC6108V9-01&CHECKSUM=16102
D/SWIniFileParser( 2187): run:188: upgradech:  started  mserverAddress: http://10.10.3.37:8080/EDS/jsp/upgrade.jsp?TYPE=EC6108V9-01&STBID=1371536727600001&MAC=16:08:11:11:22:33&USER=&VER=81711972021&SoftwareVersion=81711972021&SoftwareHWVersion=V100R003C30LG0005&HardwareVersion=EC6108V9-01&CHECKSUM=16102
D/SWIniFileParser( 2187): run:196: upgradech: mUrl :http://10.10.3.37:8080/EDS/jsp/upgrade.jsp?TYPE=EC6108V9-01&STBID=1371536727600001&MAC=16:08:11:11:22:33&USER=&VER=81711972021&SoftwareVersion=81711972021&SoftwareHWVersion=V100R003C30LG0005&HardwareVersion=EC6108V9-01&CHECKSUM=16102
D/SWIniFileParser( 2187): run:201: upgradech: request ini file start current count0
D/SWIniFileParser( 2187): run:228: upgradech:SocketTimeoutException 
D/SWUpgradeApplication( 2187): onHasNewMessage:174: upgradech: server_upgrade  connect  error 
D/SWUpgradeTaskManager( 2187): onIniFileFailed:542: upgradech:  current Upgrade is  failed !
D/SWUpgradeApplication( 2187): onHasNewMessage:174: upgradech: server_upgrade  connect  error 
D/SWUpgradeApplication( 2187): onHasNewMessage:176: upgradech: server request failed
D/SWUpgradeIntervalCheckService( 2187): onError:460: upgradech:ui: onerror
D/SWUpgradeIntervalCheckService( 2187): onError:484: upgradechui: checked but  no version get
D/SWUpgradeTaskManager( 2187): resetParam:280: upgradech: current taskmap.size()=1
D/SWUpgradeTaskManager( 2187): resetParam:285: upgradech: current taskmap.size()=0
D/SWUpgradeTaskManager( 2187): resetParam:286: upgradech: resetparam
D/SWUpgradeTaskManager( 2187): resetParam:292: upgradech: prop changed
D/SWUpgradeTaskManager( 2187): getNextTask:302: upgradech: getNextTask 
D/SWUpgradeTaskManager( 2187): handleNextTask:258: upgradech: prop changed
D/SWUpgradeTaskManager( 2187): handleNextTask:261: upgradech:sorry ,there is no task in the uriList



^C
130|root@HWEC6108V9:/ # 
130|root@HWEC6108V9:/ # 
130|root@HWEC6108V9:/ # 
130|root@HWEC6108V9:/ # cd cache
root@HWEC6108V9:/cache # ll
-rw------- root     log            50 2016-09-05 22:34 M.file
drwx------ system   system            2013-12-31 05:00 backup
-rw-rw-r-- root     root            5 2014-01-01 00:00 login
drwxrwx--- root     root              1969-12-31 13:00 lost+found
-rw------- root     log      640483328 2016-09-05 23:17 my.files
drwxrwx--- system   cache             1969-12-31 13:01 recovery
drwxrwxrwx root     log               2016-08-08 01:57 unused
drwxrwx--- system   system            2016-09-05 23:32 update
-rw------- root     log           550 2016-09-05 22:36 yourfile
root@HWEC6108V9:/cache # rm myroot@HWEC6108V9:/cache # rm my.files 
root@HWEC6108V9:/cache # ll
-rw------- root     log            50 2016-09-05 22:34 M.file
drwx------ system   system            2013-12-31 05:00 backup
-rw-rw-r-- root     root            5 2014-01-01 00:00 login
drwxrwx--- root     root              1969-12-31 13:00 lost+found
drwxrwx--- system   cache             1969-12-31 13:01 recovery
drwxrwxrwx root     log               2016-08-08 01:57 unused
drwxrwx--- system   system            2016-09-05 23:32 update
-rw------- root     log           550 2016-09-05 22:36 yourfile
root@HWEC6108V9:/cache # df
Filesystem               Size     Used     Free   Blksize
/dev                  1002.7M   164.0K  1002.6M   4096
/mnt                    32.0M     0.0K    32.0M   4096
/storage/cifs           32.0M     0.0K    32.0M   4096
/mnt/secure             32.0M     0.0K    32.0M   4096
/mnt/asec               32.0M     0.0K    32.0M   4096
/mnt/obb                32.0M     0.0K    32.0M   4096
/system                991.9M   515.9M   476.0M   4096
/data                    4.0G   703.7M     3.3G   4096
/swdb                   43.2M   100.0K    43.1M   4096
/cache                 627.7M     3.9M   623.8M   4096
/backup                627.7M   260.6M   367.1M   4096
/tmp                    32.0M     4.0K    32.0M   4096
/var                    32.0M     0.0K    32.0M   4096
/mnt/shell/emulated      4.0G   703.7M     3.3G   4096
/mnt/sda/sda1           14.5G     2.3G    12.2G   16384
root@HWEC6108V9:/cache # 
root@HWEC6108V9:/cache # 
root@HWEC6108V9:/cache # 
root@HWEC6108V9:/cache # 
root@HWEC6108V9:/cache # 
root@HWEC6108V9:/cache # dumpstate
warning: timed out dumping pid 1978
warning: timed out dumping pid 3000
========================================================
== dumpstate: 2016-09-06 21:00:32
========================================================

Build: EC6108V9-01 81711972021
Build fingerprint: 'HUAWEI/EC6108V9-01/HWEC6108V9:4.4.2/HUAWEIEC6108V9-01/81711972021:user/release-keys'
Bootloader: unknown
Radio: unknown
Network: (unknown)
Kernel: Linux version 3.10.0_s40 (jenkins@Jenkins-CI01) (gcc version 4.4.1 (Hisilicon_v200(gcc4.4-290+glibc-2.11+eabi+nptl)) ) #2 SMP Mon Aug 1 18:38:28 CST 2016
Command line: mem=2G console=ttyAMA0,115200 blkdevparts=mmcblk0:2M(fastboot),2M(partition),24M(loader),24M(loaderbak),2M(deviceinfo),8M(baseparam),8M(pqparam),16M(logo),48M(fastplay),48M(factory),16M(boot),2M(misc),2M(qbboot),512M(qbdata),48M(swdb),648M(cache),648M(backup),1024M(system),4198M(userdata) androidboot.force_open_console=open coherent_pool=2M androidboot.mac=16:08:11:11:22:33 androidboot.standard=1080i_50Hz androidboot.serialno=1371536727600001 initrd=0x4000000,0xA1D6B mmz=ddr,0,0,580M

------ UPTIME (uptime) ------
up time: 06:36:02, idle time: 1 days, 00:06:40, sleep time: 00:00:00
[uptime: 0.1s elapsed]

------ MEMORY INFO (/proc/meminfo) ------
MemTotal:        2053592 kB
MemFree:         1279584 kB
Buffers:           54396 kB
Cached:           156480 kB
SwapCached:            0 kB
Active:           280488 kB
Inactive:         158700 kB
Active(anon):     228404 kB
Inactive(anon):      308 kB
Active(file):      52084 kB
Inactive(file):   158392 kB
Unevictable:           0 kB
Mlocked:               0 kB
HighTotal:        265088 kB
HighFree:           2088 kB
LowTotal:        1788504 kB
LowFree:         1277496 kB
SwapTotal:             0 kB
SwapFree:              0 kB
Dirty:               420 kB
Writeback:             0 kB
AnonPages:        228192 kB
Mapped:            65876 kB
Shmem:               352 kB
Slab:              24484 kB
SReclaimable:      11380 kB
SUnreclaim:        13104 kB
KernelStack:        7768 kB
PageTables:         9032 kB
NFS_Unstable:          0 kB
Bounce:                0 kB
WritebackTmp:          0 kB
CommitLimit:     1026796 kB
Committed_AS:   13946372 kB
VmallocTotal:     245760 kB
VmallocUsed:       85076 kB
VmallocChunk:     141316 kB

------ CPU INFO (top -n 1 -d 1 -m 30 -t) ------



User 43%, System 8%, IOW 0%, IRQ 0%
User 198 + Nice 0 + Sys 39 + Idle 221 + IOW 0 + IRQ 0 + SIRQ 2 = 460

  PID   TID PR CPU% S     VSS     RSS PCY UID      Thread          Proc
 3149  3210  2  21% R 554904K  37212K  bg system   .ProcessManager com.huawei.iptv.stb.videotalk.activity
 3149  3153  0   7% S 554904K  37212K  bg system   GC              com.huawei.iptv.stb.videotalk.activity
 2823  2828  3   3% S 750684K  51180K  bg system   Signal Catcher  net.sunniwell.mediacenter
 6770  6770  3   2% R   1560K    748K  fg shell    top             top
 2823  2827  0   1% S 750684K  51180K  bg system   GC              net.sunniwell.mediacenter
 2823  2900  2   1% S 750684K  51180K  bg system   swcling-2       net.sunniwell.mediacenter
  779   779  3   0% S      0K      0K unk root     cfinteractive   
 1576  1576  2   0% D      0K      0K unk root     AoEngineTask    
 2823 20034  3   0% S 750684K  51180K  bg system   rdms://75       net.sunniwell.mediacenter
 2276 30915  2   0% S 537804K  24172K  fg system   multiscreen_ser com.hisilicon.multiscreen.server
    9     9  2   0% S      0K      0K  fg root     rcu_sched       
 2276  2863  0   0% S 537804K  24172K  fg system   tiscreen.server com.hisilicon.multiscreen.server
 2823  2898  2   0% S 750684K  51180K  bg system   swcling-1       net.sunniwell.mediacenter
 2823  2832  0   0% S 750684K  51180K  bg system   FinalizerWatchd net.sunniwell.mediacenter
 2823  2833  3   0% S 750684K  51180K  fg system   Binder_1        net.sunniwell.mediacenter
 2823  2910  0   0% S 750684K  51180K  bg system   swcling-4       net.sunniwell.mediacenter
 2823  3029  0   0% S 750684K  51180K  bg system   swcling-77      net.sunniwell.mediacenter
   31    31  3   0% D      0K      0K unk root     HI_VPSS_Process 
 2276  2888  0   0% S 537804K  24172K  fg system   multiscreen_ser com.hisilicon.multiscreen.server
 2823  2839  2   0% S 750684K  51180K  bg system   actionEvent_1   net.sunniwell.mediacenter
 2823  3033  2   0% S 750684K  51180K  bg system   swcling-74      net.sunniwell.mediacenter
 2823  3780  2   0% S 750684K  51180K  bg system   rdms://7        net.sunniwell.mediacenter
 2302  2306  3   0% S 537164K  24500K  fg system   GC              net.sunniwell.base.tms
 2823  3063  2   0% S 750684K  51180K  bg system   rdms://6        net.sunniwell.mediacenter
21173 21173  0   0% S      0K      0K  fg root     kworker/0:0     
 2276  2874  2   0% S 537804K  24172K  fg system   multiscreen_ser com.hisilicon.multiscreen.server
 1467  1495  1   0% S   9236K   1672K  fg root     android_ir_user /system/bin/android_ir_user
 2823  2942  1   0% S 750684K  51180K  bg system   swcling-34      net.sunniwell.mediacenter
 2823  2889  2   0% S 750684K  51180K  bg system   root://0        net.sunniwell.mediacenter
 2823  2891  2   0% S 750684K  51180K  bg system   ldms://2        net.sunniwell.mediacenter
[top: 1.4s elapsed]

------ PROCRANK (procrank) ------
*** exec(procrank): Permission denied
*** procrank: Exit code 255
[procrank: 0.1s elapsed]

------ VIRTUAL MEMORY STATS (/proc/vmstat) ------
nr_free_pages 319508
nr_inactive_anon 77
nr_active_anon 57175
nr_inactive_file 39704
nr_active_file 13033
nr_unevictable 0
nr_mlock 0
nr_anon_pages 57124
nr_mapped 16488
nr_file_pages 52804
nr_dirty 190
nr_writeback 0
nr_slab_reclaimable 2995
nr_slab_unreclaimable 3279
nr_page_table_pages 2262
nr_kernel_stack 972
nr_unstable 0
nr_bounce 0
nr_vmscan_write 0
nr_vmscan_immediate_reclaim 0
nr_writeback_temp 0
nr_isolated_anon 0
nr_isolated_file 0
nr_shmem 88
nr_dirtied 56998
nr_written 56807
nr_anon_transparent_hugepages 0
nr_free_cma 84831
nr_dirty_threshold 67227
nr_dirty_background_threshold 16806
pgpgin 168438
pgpgout 396844
pswpin 0
pswpout 0
pgalloc_normal 19744803
pgalloc_high 270897
pgalloc_movable 0
pgfree 20555189
pgactivate 63905
pgdeactivate 1
pgfault 19978245
pgmajfault 1466
pgrefill_normal 0
pgrefill_high 0
pgrefill_movable 0
pgsteal_kswapd_normal 0
pgsteal_kswapd_high 0
pgsteal_kswapd_movable 0
pgsteal_direct_normal 0
pgsteal_direct_high 0
pgsteal_direct_movable 0
pgscan_kswapd_normal 0
pgscan_kswapd_high 0
pgscan_kswapd_movable 0
pgscan_direct_normal 0
pgscan_direct_high 0
pgscan_direct_movable 0
pgscan_direct_throttle 0
pginodesteal 0
slabs_scanned 0
kswapd_inodesteal 0
kswapd_low_wmark_hit_quickly 0
kswapd_high_wmark_hit_quickly 0
pageoutrun 1
allocstall 0
pgrotated 3
pgmigrate_success 0
pgmigrate_fail 0
unevictable_pgs_culled 0
unevictable_pgs_scanned 0
unevictable_pgs_rescued 0
unevictable_pgs_mlocked 0
unevictable_pgs_munlocked 0
unevictable_pgs_cleared 0
unevictable_pgs_stranded 0

------ VMALLOC INFO (/proc/vmallocinfo) ------
0x00000000-0x00000000   53248 module_alloc_update_bounds+0x1c/0x6c pages=12 vmalloc
0x00000000-0x00000000   28672 module_alloc_update_bounds+0x1c/0x6c pages=6 vmalloc
0x00000000-0x00000000  106496 module_alloc_update_bounds+0x1c/0x6c pages=25 vmalloc
0x00000000-0x00000000   32768 module_alloc_update_bounds+0x1c/0x6c pages=7 vmalloc
0x00000000-0x00000000  581632 module_alloc_update_bounds+0x1c/0x6c pages=141 vmalloc
0x00000000-0x00000000    8192 module_alloc_update_bounds+0x1c/0x6c pages=1 vmalloc
0x00000000-0x00000000 4194304 iotable_init+0x0/0xbc phys=4b000000 ioremap
0x00000000-0x00000000 608174080 iotable_init+0x0/0xbc phys=4b400000 ioremap
0x00000000-0x00000000   16384 sram_init+0x88/0x124 phys=ffff2000 ioremap
0x00000000-0x00000000   36864 DMX_OsiInit+0x138/0xbc4 pages=8 vmalloc
0x00000000-0x00000000   12288 PDM_VmapByPhyaddr+0x120/0x1a0 vmap
0x00000000-0x00000000    8192 initial_handle+0x48/0x68 pages=1 vmalloc
0x00000000-0x00000000    8192 ADSP_DRV_Init+0x48/0xc0 phys=ffff5000 ioremap
0x00000000-0x00000000    8192 ADSP_DRV_Init+0x68/0xc0 phys=ffff5000 ioremap
0x00000000-0x00000000    8192 ADSP_DRV_Init+0x80/0xc0 phys=ffff5000 ioremap
0x00000000-0x00000000   12288 PDM_VmapByPhyaddr+0x120/0x1a0 vmap
0x00000000-0x00000000    8192 hi_pm_init+0x7c/0xcc phys=ffff0000 ioremap
0x00000000-0x00000000   49152 cramfs_uncompress_init+0x3c/0x6c pages=11 vmalloc
0x00000000-0x00000000   49152 zisofs_init+0x14/0x34 pages=11 vmalloc
0x00000000-0x00000000  274432 jffs2_zlib_init+0x20/0x7c pages=66 vmalloc
0x00000000-0x00000000   49152 jffs2_zlib_init+0x3c/0x7c pages=11 vmalloc
0x00000000-0x00000000    8192 capdev_init+0x18/0x8c pages=1 vmalloc
0x00000000-0x00000000   12288 zs_cpu_notifier+0x5c/0xa4 ioremap
0x00000000-0x00000000   12288 zs_cpu_notifier+0x5c/0xa4 ioremap
0x00000000-0x00000000   12288 zs_cpu_notifier+0x5c/0xa4 ioremap
0x00000000-0x00000000   12288 zs_cpu_notifier+0x5c/0xa4 ioremap
0x00000000-0x00000000  266240 T.405+0x18/0x14c pages=64 vmalloc
0x00000000-0x00000000  266240 T.405+0x18/0x14c pages=64 vmalloc
0x00000000-0x00000000  266240 T.405+0x18/0x14c pages=64 vmalloc
0x00000000-0x00000000  266240 T.405+0x18/0x14c pages=64 vmalloc
0x00000000-0x00000000   20480 ip_vs_conn_init+0x40/0x110 pages=4 vmalloc
0x00000000-0x00000000   20480 lzo_init+0x20/0x34 pages=4 vmalloc
0x00000000-0x00000000  151552 deflate_init+0x30/0xd0 pages=36 vmalloc
0x00000000-0x00000000   49152 deflate_init+0x74/0xd0 pages=11 vmalloc
0x00000000-0x00000000    8192 AOE_Init+0x3c/0x108 phys=ffff5000 ioremap
0x00000000-0x00000000    8192 iHAL_AOE_Init+0x2c/0x104 phys=ffff5000 ioremap
0x00000000-0x00000000  135168 binder_mmap+0xd4/0x26c ioremap
0x00000000-0x00000000 1044480 binder_mmap+0xd4/0x26c ioremap
0x00000000-0x00000000 1044480 binder_mmap+0xd4/0x26c ioremap
0x00000000-0x00000000 1044480 binder_mmap+0xd4/0x26c ioremap
0x00000000-0x00000000 1044480 binder_mmap+0xd4/0x26c ioremap
0x00000000-0x00000000 1044480 binder_mmap+0xd4/0x26c ioremap
0x00000000-0x00000000 1044480 binder_mmap+0xd4/0x26c ioremap
0x00000000-0x00000000 1044480 binder_mmap+0xd4/0x26c ioremap
0x00000000-0x00000000 1044480 binder_mmap+0xd4/0x26c ioremap
0x00000000-0x00000000 1044480 binder_mmap+0xd4/0x26c ioremap
0x00000000-0x00000000 1044480 binder_mmap+0xd4/0x26c ioremap
0x00000000-0x00000000 1044480 binder_mmap+0xd4/0x26c ioremap
0x00000000-0x00000000 1044480 binder_mmap+0xd4/0x26c ioremap
0x00000000-0x00000000 1044480 binder_mmap+0xd4/0x26c ioremap
0x00000000-0x00000000 1044480 binder_mmap+0xd4/0x26c ioremap
0x00000000-0x00000000 1044480 binder_mmap+0xd4/0x26c ioremap
0x00000000-0x00000000 1044480 binder_mmap+0xd4/0x26c ioremap
0x00000000-0x00000000   12288 xt_alloc_table_info+0xcc/0xf4 pages=2 vmalloc
0x00000000-0x00000000   12288 xt_alloc_table_info+0xcc/0xf4 pages=2 vmalloc
0x00000000-0x00000000   12288 xt_alloc_table_info+0xcc/0xf4 pages=2 vmalloc
0x00000000-0x00000000   12288 xt_alloc_table_info+0xcc/0xf4 pages=2 vmalloc
0x00000000-0x00000000 1044480 binder_mmap+0xd4/0x26c ioremap
0x00000000-0x00000000 1044480 binder_mmap+0xd4/0x26c ioremap
0x00000000-0x00000000 1044480 binder_mmap+0xd4/0x26c ioremap
0x00000000-0x00000000   12288 xt_alloc_table_info+0xcc/0xf4 pages=2 vmalloc
0x00000000-0x00000000   12288 xt_alloc_table_info+0xcc/0xf4 pages=2 vmalloc
0x00000000-0x00000000   12288 xt_alloc_table_info+0xcc/0xf4 pages=2 vmalloc
0x00000000-0x00000000   12288 xt_alloc_table_info+0xcc/0xf4 pages=2 vmalloc
0x00000000-0x00000000   16384 xt_alloc_table_info+0xcc/0xf4 pages=3 vmalloc
0x00000000-0x00000000   16384 xt_alloc_table_info+0xcc/0xf4 pages=3 vmalloc
0x00000000-0x00000000   16384 xt_alloc_table_info+0xcc/0xf4 pages=3 vmalloc
0x00000000-0x00000000   16384 xt_alloc_table_info+0xcc/0xf4 pages=3 vmalloc
0x00000000-0x00000000   12288 HI_ADSP_V_MALLOC+0x1c/0x20 pages=2 vmalloc
0x00000000-0x00000000 1044480 binder_mmap+0xd4/0x26c ioremap
0x00000000-0x00000000 1044480 binder_mmap+0xd4/0x26c ioremap
0x00000000-0x00000000 1044480 binder_mmap+0xd4/0x26c ioremap
0x00000000-0x00000000 1044480 binder_mmap+0xd4/0x26c ioremap
0x00000000-0x00000000 1044480 binder_mmap+0xd4/0x26c ioremap
0x00000000-0x00000000 1044480 binder_mmap+0xd4/0x26c ioremap
0x00000000-0x00000000 1044480 binder_mmap+0xd4/0x26c ioremap
0x00000000-0x00000000 1044480 binder_mmap+0xd4/0x26c ioremap
0x00000000-0x00000000 1044480 binder_mmap+0xd4/0x26c ioremap
0x00000000-0x00000000 1044480 binder_mmap+0xd4/0x26c ioremap
0x00000000-0x00000000 1044480 binder_mmap+0xd4/0x26c ioremap
0x00000000-0x00000000 1044480 binder_mmap+0xd4/0x26c ioremap
0x00000000-0x00000000 1044480 binder_mmap+0xd4/0x26c ioremap
0x00000000-0x00000000 1044480 binder_mmap+0xd4/0x26c ioremap
0x00000000-0x00000000 1044480 binder_mmap+0xd4/0x26c ioremap
0x00000000-0x00000000 1044480 binder_mmap+0xd4/0x26c ioremap
0x00000000-0x00000000 1044480 binder_mmap+0xd4/0x26c ioremap
0x00000000-0x00000000 1044480 binder_mmap+0xd4/0x26c ioremap
0x00000000-0x00000000 1044480 binder_mmap+0xd4/0x26c ioremap
0x00000000-0x00000000 1044480 binder_mmap+0xd4/0x26c ioremap
0x00000000-0x00000000 1044480 binder_mmap+0xd4/0x26c ioremap
0x00000000-0x00000000 1044480 binder_mmap+0xd4/0x26c ioremap
0x00000000-0x00000000 1044480 binder_mmap+0xd4/0x26c ioremap
0x00000000-0x00000000 1044480 binder_mmap+0xd4/0x26c ioremap
0x00000000-0x00000000 1044480 binder_mmap+0xd4/0x26c ioremap
0x00000000-0x00000000 2097152 iotable_init+0x0/0xbc ioremap
0x00000000-0x00000000 3145728 iotable_init+0x0/0xbc ioremap
0x00000000-0x00000000  131072 pcpu_get_vm_areas+0x0/0x894 vmalloc
0x00000000-0x00000000 33554432 iotable_init+0x0/0xbc phys=f8000000 ioremap

------ SLAB INFO (/proc/slabinfo) ------
slabinfo - version: 2.1
# name            <active_objs> <num_objs> <objsize> <objperslab> <pagesperslab> : tunables <limit> <batchcount> <sharedfactor> : slabdata <active_slabs> <num_slabs> <sharedavail>
tntfs_big_inode_cache      0      0    592   27    4 : tunables    0    0    0 : slabdata      0      0      0
tntfs_inode_cache      0      0    240   17    1 : tunables    0    0    0 : slabdata      0      0      0
tntfs_dirhint_cache      0      0    592   27    4 : tunables    0    0    0 : slabdata      0      0      0
tntfs_filename_attr_name_cache      0      0    584   28    4 : tunables    0    0    0 : slabdata      0      0      0
ubifs_inode_slab       0      0    456   17    2 : tunables    0    0    0 : slabdata      0      0      0
UDPLITEv6              0      0    768   21    4 : tunables    0    0    0 : slabdata      0      0      0
UDPv6                 84     84    768   21    4 : tunables    0    0    0 : slabdata      4      4      0
tw_sock_TCPv6        651    651    192   21    1 : tunables    0    0    0 : slabdata     31     31      0
TCPv6                161    161   1408   23    8 : tunables    0    0    0 : slabdata      7      7      0
nf_conntrack_81109880   2646   2646    224   18    1 : tunables    0    0    0 : slabdata    147    147      0
nf_conntrack_expect      0      0    160   25    1 : tunables    0    0    0 : slabdata      0      0      0
dm_crypt_io            0      0    104   39    1 : tunables    0    0    0 : slabdata      0      0      0
kcopyd_job             0      0   2808   11    8 : tunables    0    0    0 : slabdata      0      0      0
bsg_cmd              112    112    288   28    2 : tunables    0    0    0 : slabdata      4      4      0
udf_inode_cache        0      0    464   17    2 : tunables    0    0    0 : slabdata      0      0      0
fuse_request         116    116    280   29    2 : tunables    0    0    0 : slabdata      4      4      0
fuse_inode            64     64    512   16    2 : tunables    0    0    0 : slabdata      4      4      0
jffs2_refblock         0      0    248   16    1 : tunables    0    0    0 : slabdata      0      0      0
jffs2_i                0      0    408   20    2 : tunables    0    0    0 : slabdata      0      0      0
cifs_request           4      4  16512    1    8 : tunables    0    0    0 : slabdata      4      4      0
cifs_inode_cache       0      0    424   19    2 : tunables    0    0    0 : slabdata      0      0      0
nfs_direct_cache      78     78    104   39    1 : tunables    0    0    0 : slabdata      2      2      0
nfs_write_data        50     50    640   25    4 : tunables    0    0    0 : slabdata      2      2      0
nfs_inode_cache        0      0    624   26    4 : tunables    0    0    0 : slabdata      0      0      0
isofs_inode_cache      0      0    384   21    2 : tunables    0    0    0 : slabdata      0      0      0
fat_inode_cache       90     90    440   18    2 : tunables    0    0    0 : slabdata      5      5      0
fat_cache            510    510     24  170    1 : tunables    0    0    0 : slabdata      3      3      0
squashfs_inode_cache      0      0    448   18    2 : tunables    0    0    0 : slabdata      0      0      0
journal_handle         0      0     24  170    1 : tunables    0    0    0 : slabdata      0      0      0
revoke_record        256    256     16  256    1 : tunables    0    0    0 : slabdata      1      1      0
ext4_inode_cache    1375   1375    632   25    4 : tunables    0    0    0 : slabdata     55     55      0
ext4_allocation_context    144    144    112   36    1 : tunables    0    0    0 : slabdata      4      4      0
ext4_prealloc_space    224    224     72   56    1 : tunables    0    0    0 : slabdata      4      4      0
ext4_io_end          408    408     40  102    1 : tunables    0    0    0 : slabdata      4      4      0
ext4_extent_status   2048   2048     32  128    1 : tunables    0    0    0 : slabdata     16     16      0
ext2_inode_cache       0      0    504   16    2 : tunables    0    0    0 : slabdata      0      0      0
ext3_inode_cache       0      0    520   31    4 : tunables    0    0    0 : slabdata      0      0      0
ext3_xattr             0      0     56   73    1 : tunables    0    0    0 : slabdata      0      0      0
configfs_dir_cache    146    146     56   73    1 : tunables    0    0    0 : slabdata      2      2      0
dquot                 84     84    192   21    1 : tunables    0    0    0 : slabdata      4      4      0
dnotify_mark         224    224     72   56    1 : tunables    0    0    0 : slabdata      4      4      0
dio                    0      0    384   21    2 : tunables    0    0    0 : slabdata      0      0      0
pid_namespace          0      0     80   51    1 : tunables    0    0    0 : slabdata      0      0      0
posix_timers_cache      0      0    152   26    1 : tunables    0    0    0 : slabdata      0      0      0
rpc_inode_cache        0      0    384   21    2 : tunables    0    0    0 : slabdata      0      0      0
UDP-Lite               0      0    576   28    4 : tunables    0    0    0 : slabdata      0      0      0
xfrm_dst_cache         0      0    320   25    2 : tunables    0    0    0 : slabdata      0      0      0
RAW                  168    168    576   28    4 : tunables    0    0    0 : slabdata      6      6      0
UDP                  112    112    576   28    4 : tunables    0    0    0 : slabdata      4      4      0
tw_sock_TCP         1376   1376    128   32    1 : tunables    0    0    0 : slabdata     43     43      0
TCP                  100    100   1280   25    8 : tunables    0    0    0 : slabdata      4      4      0
eventpoll_pwq        408    408     40  102    1 : tunables    0    0    0 : slabdata      4      4      0
blkdev_queue          56     56   1160   28    8 : tunables    0    0    0 : slabdata      2      2      0
blkdev_requests      180    180    216   18    1 : tunables    0    0    0 : slabdata     10     10      0
fsnotify_event_holder   1024   1024     16  256    1 : tunables    0    0    0 : slabdata      4      4      0
biovec-256            10     10   3072   10    8 : tunables    0    0    0 : slabdata      1      1      0
biovec-128             0      0   1536   21    8 : tunables    0    0    0 : slabdata      0      0      0
biovec-64             84     84    768   21    4 : tunables    0    0    0 : slabdata      4      4      0
sock_inode_cache     399    399    384   21    2 : tunables    0    0    0 : slabdata     19     19      0
file_lock_cache      144    144    112   36    1 : tunables    0    0    0 : slabdata      4      4      0
net_namespace          0      0   2496   13    8 : tunables    0    0    0 : slabdata      0      0      0
shmem_inode_cache    560    560    392   20    2 : tunables    0    0    0 : slabdata     28     28      0
proc_inode_cache    3885   3885    384   21    2 : tunables    0    0    0 : slabdata    185    185      0
sigqueue             112    112    144   28    1 : tunables    0    0    0 : slabdata      4      4      0
bdev_cache            64     64    512   16    2 : tunables    0    0    0 : slabdata      4      4      0
inode_cache        13064  13064    352   23    2 : tunables    0    0    0 : slabdata    568    568      0
dentry             19680  19680    136   30    1 : tunables    0    0    0 : slabdata    656    656      0
buffer_head        23168  23168     64   64    1 : tunables    0    0    0 : slabdata    362    362      0
nsproxy              680    680     24  170    1 : tunables    0    0    0 : slabdata      4      4      0
vm_area_struct     25066  25208     88   46    1 : tunables    0    0    0 : slabdata    548    548      0
mm_struct            216    216    448   18    2 : tunables    0    0    0 : slabdata     12     12      0
sighand_cache        216    216   1344   24    8 : tunables    0    0    0 : slabdata      9      9      0
task_struct         1086   1122    960   17    4 : tunables    0    0    0 : slabdata     66     66      0
anon_vma_chain     28102  28800     32  128    1 : tunables    0    0    0 : slabdata    225    225      0
anon_vma           14336  14336     32  128    1 : tunables    0    0    0 : slabdata    112    112      0
radix_tree_node     2106   2106    304   26    2 : tunables    0    0    0 : slabdata     81     81      0
idr_layer_cache      270    270   1080   30    8 : tunables    0    0    0 : slabdata      9      9      0
kmalloc-8192          20     20   8192    4    8 : tunables    0    0    0 : slabdata      5      5      0
kmalloc-4096          88     88   4096    8    8 : tunables    0    0    0 : slabdata     11     11      0
kmalloc-2048         192    192   2048   16    8 : tunables    0    0    0 : slabdata     12     12      0
kmalloc-1024         377    416   1024   16    4 : tunables    0    0    0 : slabdata     26     26      0
kmalloc-512         1318   1392    512   16    2 : tunables    0    0    0 : slabdata     87     87      0
kmalloc-256          600    624    256   16    1 : tunables    0    0    0 : slabdata     39     39      0
kmalloc-192         4995   5103    192   21    1 : tunables    0    0    0 : slabdata    243    243      0
kmalloc-128         6798   7328    128   32    1 : tunables    0    0    0 : slabdata    229    229      0
kmalloc-64         24224  24448     64   64    1 : tunables    0    0    0 : slabdata    382    382      0
kmem_cache_node      192    192     64   64    1 : tunables    0    0    0 : slabdata      3      3      0
kmem_cache           128    128    128   32    1 : tunables    0    0    0 : slabdata      4      4      0

------ ZONEINFO (/proc/zoneinfo) ------
Node 0, zone   Normal
  pages free     318990
        min      2048
        low      4101
        high     4613
        scanned  0
        spanned  456704
        present  456704
        managed  297346
    nr_free_pages 318990
    nr_inactive_anon 18
    nr_active_anon 26895
    nr_inactive_file 16623
    nr_active_file 7458
    nr_unevictable 0
    nr_mlock     0
    nr_anon_pages 26894
    nr_mapped    3933
    nr_file_pages 24095
    nr_dirty     211
    nr_writeback 0
    nr_slab_reclaimable 3000
    nr_slab_unreclaimable 3280
    nr_page_table_pages 2259
    nr_kernel_stack 971
    nr_unstable  0
    nr_bounce    0
    nr_vmscan_write 0
    nr_vmscan_immediate_reclaim 0
    nr_writeback_temp 0
    nr_isolated_anon 0
    nr_isolated_file 0
    nr_shmem     19
    nr_dirtied   47521
    nr_written   47309
    nr_anon_transparent_hugepages 0
    nr_free_cma  84831
        protection: (0, 264, 264)
  pagesets
    cpu: 0
              count: 178
              high:  186
              batch: 31
  vm stats threshold: 30
    cpu: 1
              count: 84
              high:  186
              batch: 31
  vm stats threshold: 30
    cpu: 2
              count: 78
              high:  186
              batch: 31
  vm stats threshold: 30
    cpu: 3
              count: 87
              high:  186
              batch: 31
  vm stats threshold: 30
  all_unreclaimable: 0
  start_pfn:         0
  inactive_ratio:    3
Node 0, zone  HighMem
  pages free     522
        min      66
        low      532
        high     648
        scanned  0
        spanned  67584
        present  67584
        managed  67584
    nr_free_pages 522
    nr_inactive_anon 59
    nr_active_anon 30252
    nr_inactive_file 23085
    nr_active_file 5576
    nr_unevictable 0
    nr_mlock     0
    nr_anon_pages 30242
    nr_mapped    12544
    nr_file_pages 28730
    nr_dirty     0
    nr_writeback 0
    nr_slab_reclaimable 0
    nr_slab_unreclaimable 0
    nr_page_table_pages 0
    nr_kernel_stack 0
    nr_unstable  0
    nr_bounce    0
    nr_vmscan_write 0
    nr_vmscan_immediate_reclaim 0
    nr_writeback_temp 0
    nr_isolated_anon 0
    nr_isolated_file 0
    nr_shmem     69
    nr_dirtied   9498
    nr_written   9498
    nr_anon_transparent_hugepages 0
    nr_free_cma  0
        protection: (0, 0, 0)
  pagesets
    cpu: 0
              count: 80
              high:  90
              batch: 15
  vm stats threshold: 18
    cpu: 1
              count: 34
              high:  90
              batch: 15
  vm stats threshold: 18
    cpu: 2
              count: 0
              high:  90
              batch: 15
  vm stats threshold: 18
    cpu: 3
              count: 15
              high:  90
              batch: 15
  vm stats threshold: 18
  all_unreclaimable: 0
  start_pfn:         456704
  inactive_ratio:    1

------ PAGETYPEINFO (/proc/pagetypeinfo) ------
Page block order: 10
Pages per block:  1024

Free pages count per migrate type at order       0      1      2      3      4      5      6      7      8      9     10 
Node    0, zone   Normal, type    Unmovable      7      3      2      0      0      0      2      4      0      0      1 
Node    0, zone   Normal, type  Reclaimable      3      0      0      1      0      0      0      0      0      0      0 
Node    0, zone   Normal, type      Movable      3      0      3      2      1      1      1      1      1      1    224 
Node    0, zone   Normal, type      Reserve      0      0      0      0      0      0      0      0      0      0      2 
Node    0, zone   Normal, type          CMA      5      3      5      6      5      2      2      4      2      1     81 
Node    0, zone   Normal, type      Isolate      0      0      0      0      0      0      0      0      0      0      0 
Node    0, zone  HighMem, type    Unmovable      0      0      0      0      0      0      0      0      0      0      0 
Node    0, zone  HighMem, type  Reclaimable      0      0      0      0      0      0      0      0      0      0      0 
Node    0, zone  HighMem, type      Movable     25      0      2      0      0      0      0      0      0      0      0 
Node    0, zone  HighMem, type      Reserve      3      1      1      0      0      1      1      1      1      0      0 
Node    0, zone  HighMem, type          CMA      0      0      0      0      0      0      0      0      0      0      0 
Node    0, zone  HighMem, type      Isolate      0      0      0      0      0      0      0      0      0      0      0 

Number of blocks type     Unmovable  Reclaimable      Movable      Reserve          CMA      Isolate 
Node 0, zone   Normal           11            3          284            2          146            0 
Node 0, zone  HighMem            7            0           58            1            0            0 

------ BUDDYINFO (/proc/buddyinfo) ------
Node 0, zone   Normal     18      6     10      9      6      3      5      9      3      2    308 
Node 0, zone  HighMem     28      1      3      0      0      1      1      1      1      0      0 

------ FRAGMENTATION INFO (/d/extfrag/unusable_index) ------
*** /d/extfrag/unusable_index: No such file or directory

------ KERNEL WAKELOCKS (/proc/wakelocks) ------
*** /proc/wakelocks: No such file or directory

------ KERNEL WAKE SOURCES (/d/wakeup_sources) ------
*** /d/wakeup_sources: No such file or directory

------ KERNEL CPUFREQ (/sys/devices/system/cpu/cpu0/cpufreq/stats/time_in_state) ------
600000 2312891
1000000 63385
1200000 0
1500000 0

------ KERNEL SYNC (/d/sync) ------
*** /d/sync: No such file or directory

------ PROCESSES (ps -P) ------
USER     PID   PPID  VSIZE  RSS    PCY  WCHAN    PC         NAME
root      1     0     604    404   fg  ffffffff 00000000 S /init
root      2     0     0      0     fg  ffffffff 00000000 S kthreadd
root      3     2     0      0     fg  ffffffff 00000000 S ksoftirqd/0
root      5     2     0      0     fg  ffffffff 00000000 S kworker/0:0H
root      7     2     0      0     un  ffffffff 00000000 S migration/0
root      8     2     0      0     fg  ffffffff 00000000 S rcu_bh
root      9     2     0      0     fg  ffffffff 00000000 S rcu_sched
root      10    2     0      0     un  ffffffff 00000000 S migration/1
root      11    2     0      0     fg  ffffffff 00000000 S ksoftirqd/1
root      13    2     0      0     fg  ffffffff 00000000 S kworker/1:0H
root      14    2     0      0     un  ffffffff 00000000 S migration/2
root      15    2     0      0     fg  ffffffff 00000000 S ksoftirqd/2
root      16    2     0      0     fg  ffffffff 00000000 S kworker/2:0
root      17    2     0      0     fg  ffffffff 00000000 S kworker/2:0H
root      18    2     0      0     un  ffffffff 00000000 S migration/3
root      19    2     0      0     fg  ffffffff 00000000 S ksoftirqd/3
root      20    2     0      0     fg  ffffffff 00000000 S kworker/3:0
root      21    2     0      0     fg  ffffffff 00000000 S kworker/3:0H
root      22    2     0      0     fg  ffffffff 00000000 S khelper
root      23    2     0      0     fg  ffffffff 00000000 S netns
root      27    2     0      0     fg  ffffffff 00000000 S kworker/1:1
root      28    2     0      0     fg  ffffffff 00000000 S kworker/3:1
root      29    2     0      0     fg  ffffffff 00000000 S kworker/2:1
root      30    2     0      0     fg  ffffffff 00000000 D log_udisk_task
root      31    2     0      0     un  ffffffff 00000000 D HI_VPSS_Process
root      32    2     0      0     fg  ffffffff 00000000 D HI_WIN_ReleaseF
root      444   2     0      0     fg  ffffffff 00000000 S writeback
root      446   2     0      0     fg  ffffffff 00000000 S bioset
root      448   2     0      0     fg  ffffffff 00000000 S kblockd
root      460   2     0      0     fg  ffffffff 00000000 S khubd
root      563   2     0      0     fg  ffffffff 00000000 S rpciod
root      574   2     0      0     fg  ffffffff 00000000 S kswapd0
root      575   2     0      0     fg  ffffffff 00000000 S ksmd
root      623   2     0      0     fg  ffffffff 00000000 S fsnotify_mark
root      641   2     0      0     fg  ffffffff 00000000 S nfsiod
root      645   2     0      0     fg  ffffffff 00000000 S cifsiod
root      654   2     0      0     fg  ffffffff 00000000 S crypto
root      674   2     0      0     fg  ffffffff 00000000 S kapmd
root      751   2     0      0     fg  ffffffff 00000000 D usb-otg
root      759   2     0      0     fg  ffffffff 00000000 S dwc_otg
root      770   2     0      0     fg  ffffffff 00000000 S kpsmoused
root      779   2     0      0     un  ffffffff 00000000 S cfinteractive
root      786   2     0      0     fg  ffffffff 00000000 S mmcqd/0
root      787   2     0      0     fg  ffffffff 00000000 S mmcqd/0boot0
root      788   2     0      0     fg  ffffffff 00000000 S mmcqd/0boot1
root      900   2     0      0     un  ffffffff 00000000 S vmalloc
root      902   2     0      0     fg  ffffffff 00000000 S binder
root      932   2     0      0     fg  ffffffff 00000000 S mali_dvfs
root      934   2     0      0     fg  ffffffff 00000000 S kworker/u9:0
root      959   2     0      0     fg  ffffffff 00000000 S krfcommd
root      964   2     0      0     fg  ffffffff 00000000 S deferwq
root      1094  2     0      0     fg  ffffffff 00000000 D temperature_con
root      1098  1     552    4     fg  ffffffff 00000000 S /sbin/ueventd
root      1278  2     0      0     fg  ffffffff 00000000 S kworker/0:1
root      1434  2     0      0     fg  ffffffff 00000000 S jbd2/mmcblk0p18
root      1435  2     0      0     fg  ffffffff 00000000 S ext4-dio-unwrit
root      1437  2     0      0     fg  ffffffff 00000000 S jbd2/mmcblk0p19
root      1438  2     0      0     fg  ffffffff 00000000 S ext4-dio-unwrit
root      1440  2     0      0     fg  ffffffff 00000000 S jbd2/mmcblk0p15
root      1441  2     0      0     fg  ffffffff 00000000 S ext4-dio-unwrit
root      1443  2     0      0     fg  ffffffff 00000000 S jbd2/mmcblk0p16
root      1444  2     0      0     fg  ffffffff 00000000 S ext4-dio-unwrit
root      1445  2     0      0     fg  ffffffff 00000000 S jbd2/mmcblk0p17
root      1446  2     0      0     fg  ffffffff 00000000 S ext4-dio-unwrit
root      1447  1     1428   4     fg  ffffffff 00000000 S /sbin/healthd
system    1448  1     1004   176   fg  ffffffff 00000000 S /system/bin/servicemanager
root      1449  1     13260  948   fg  ffffffff 00000000 S /system/bin/vold
root      1450  1     10396  1320  fg  ffffffff 00000000 S /system/bin/netd
root      1451  1     2596   2088  fg  ffffffff 00000000 S /system/bin/debuggerd
system    1452  1     74052  3900  fg  ffffffff 00000000 S /system/bin/surfaceflinger
root      1453  1     501856 40732 fg  ffffffff 00000000 S zygote
media     1454  1     40764  11324 fg  ffffffff 00000000 S /system/bin/mediaserver
install   1455  1     988    216   fg  ffffffff 00000000 S /system/bin/installd
keystore  1456  1     3348   976   fg  ffffffff 00000000 S /system/bin/keystore
root      1457  1     31000  7628  fg  ffffffff 00000000 S /system/bin/swRootService
root      1458  1     840    88    fg  ffffffff 00000000 S /system/bin/swsqmmon
root      1460  1     12100  3040  fg  ffffffff 00000000 S /system/bin/hiaoservice
root      1461  1     5668   968   fg  ffffffff 00000000 S /system/bin/netshared
root      1462  1     27776  7464  fg  ffffffff 00000000 S /system/bin/hisysmanager
root      1463  1     6432   1228  fg  ffffffff 00000000 S /system/bin/hikaraokeservice
root      1464  1     27952  7852  fg  ffffffff 00000000 S /system/bin/displaysetting
root      1465  1     25688  7564  fg  ffffffff 00000000 S /system/bin/pqsetting
root      1467  1     9236   1672  fg  ffffffff 00000000 S /system/bin/android_ir_user
root      1468  1     6640   224   fg  ffffffff 00000000 S /sbin/adbd
drm       1469  1     14580  4060  fg  ffffffff 00000000 S /system/bin/drmserver
root      1520  2     0      0     fg  ffffffff 00000000 S HIFB_WorkQueque
root      1567  2     0      0     fg  ffffffff 00000000 D HI_HDMI_kThread
root      1568  2     0      0     fg  ffffffff 00000000 D HI_HDMI_kCEC
root      1576  2     0      0     un  ffffffff 00000000 D AoEngineTask
root      1621  2     0      0     fg  ffffffff 00000000 S kworker/1:2
root      1663  2     0      0     fg  ffffffff 00000000 S kworker/0:1H
root      1792  2     0      0     fg  ffffffff 00000000 S kworker/u9:1
root      1871  2     0      0     fg  ffffffff 00000000 S hisi-alsa-ao
root      1957  1     932    476   fg  ffffffff 00000000 S /system/bin/sh
system    1978  1453  588680 39400 fg  ffffffff 00000000 S system_server
u0_a6     2056  1453  530000 52444 fg  ffffffff 00000000 S com.android.systemui
media_rw  2072  1     3524   192   fg  ffffffff 00000000 S sdcard
system    2077  1453  547784 45156 fg  ffffffff 00000000 S com.huawei.launcher
u0_a4     2106  1453  515700 22904 bg  ffffffff 00000000 S android.process.media
system    2169  1453  512612 19688 bg  ffffffff 00000000 S net.sunniwell.app.manager
system    2187  1453  528596 26292 bg  ffffffff 00000000 S net.sunniwell.upgrade
system    2209  1453  518032 23504 fg  ffffffff 00000000 S net.sunniwell.iptv
system    2223  1453  511188 20312 fg  ffffffff 00000000 S com.hisilicon.android.inputmethod.remote
system    2236  1453  513376 21644 fg  ffffffff 00000000 S net.sunniwell.base.ntp
radio     2252  1453  526080 22964 fg  ffffffff 00000000 S com.android.phone
system    2262  1453  514704 21828 fg  ffffffff 00000000 S net.sunniwell.app.shutdown
system    2276  1453  537804 24172 fg  ffffffff 00000000 S com.hisilicon.multiscreen.server
system    2290  1453  512248 23076 fg  ffffffff 00000000 S com.hisilicon.android.hiRMService
system    2302  1453  537164 24504 fg  ffffffff 00000000 S net.sunniwell.base.tms
u0_a36    2312  1453  512356 18724 fg  ffffffff 00000000 S com.android.hisilicon.powercontrol
system    2357  1453  522260 22924 bg  ffffffff 00000000 S net.sunniwell.app.huawei.statusbar
u0_a44    2371  1453  509712 16452 fg  ffffffff 00000000 S com.android.smspush
u0_a2     2388  1453  516832 22356 bg  ffffffff 00000000 S android.process.acore
system    2405  1453  514132 18904 fg  ffffffff 00000000 S net.sunniwell.jniparameter
system    2443  1453  509948 18564 bg  ffffffff 00000000 S net.sunniwell.swselftest
system    2578  1453  522844 19984 bg  ffffffff 00000000 S com.huawei.iptv.remoteserver
u0_a1     2667  1453  514752 20604 bg  ffffffff 00000000 S com.android.providers.calendar
u0_a15    2706  1453  528488 19836 bg  ffffffff 00000000 S com.android.calendar
u0_a11    2732  1453  510272 16708 bg  ffffffff 00000000 S com.huawei.videotalk.installservice
system    2823  1453  750684 51180 bg  ffffffff 00000000 S net.sunniwell.mediacenter
system    3000  1453  560240 23328 bg  ffffffff 00000000 S net.sunniwell.pickup
system    3149  1453  554904 37212 bg  ffffffff 00000000 S com.huawei.iptv.stb.videotalk.activity
system    3237  3149  0      0     bg  ffffffff 00000000 Z adb
system    3238  1     5060   632   bg  ffffffff 00000000 S adb
system    3258  1453  515280 18592 bg  ffffffff 00000000 S net.sunniwell.network
system    3276  1453  536696 36616 bg  ffffffff 00000000 S net.sunniwell.settings
root      3921  2     0      0     fg  ffffffff 00000000 S kworker/2:1H
root      3987  2     0      0     fg  ffffffff 00000000 S kworker/3:1H
root      5750  2     0      0     fg  ffffffff 00000000 S kworker/0:2
shell     6752  1957  1020   472   fg  ffffffff 00000000 S dumpstate
shell     6804  6752  1236   236   fg  00000000 76f77380 R ps
root      15363 2     0      0     fg  ffffffff 00000000 S scsi_eh_0
root      15364 2     0      0     fg  ffffffff 00000000 S usb-storage
u0_a5     15405 1453  509740 17096 bg  ffffffff 00000000 S com.android.externalstorage
system    15542 1453  537432 33624 bg  ffffffff 00000000 S net.sunniwell.mediacenter.view
root      19462 2     0      0     fg  ffffffff 00000000 S kworker/u8:1
root      19590 2     0      0     fg  ffffffff 00000000 S kworker/u8:0
root      21173 2     0      0     fg  ffffffff 00000000 S kworker/0:0
[ps: 1.1s elapsed]

------ PROCESSES AND THREADS (ps -t -p -P) ------
USER     PID   PPID  VSIZE  RSS   PRIO  NICE  RTPRI SCHED  PCY  WCHAN    PC         NAME
root      1     0     604    404   20    0     0     0     fg  ffffffff 00000000 S /init
root      2     0     0      0     20    0     0     0     fg  ffffffff 00000000 S kthreadd
root      3     2     0      0     20    0     0     0     fg  ffffffff 00000000 S ksoftirqd/0
root      5     2     0      0     0     -20   0     0     fg  ffffffff 00000000 S kworker/0:0H
root      7     2     0      0     -100  0     99    1     un  ffffffff 00000000 S migration/0
root      8     2     0      0     20    0     0     0     fg  ffffffff 00000000 S rcu_bh
root      9     2     0      0     20    0     0     0     fg  ffffffff 00000000 S rcu_sched
root      10    2     0      0     -100  0     99    1     un  ffffffff 00000000 S migration/1
root      11    2     0      0     20    0     0     0     fg  ffffffff 00000000 S ksoftirqd/1
root      13    2     0      0     0     -20   0     0     fg  ffffffff 00000000 S kworker/1:0H
root      14    2     0      0     -100  0     99    1     un  ffffffff 00000000 S migration/2
root      15    2     0      0     20    0     0     0     fg  ffffffff 00000000 S ksoftirqd/2
root      16    2     0      0     20    0     0     0     fg  ffffffff 00000000 S kworker/2:0
root      17    2     0      0     0     -20   0     0     fg  ffffffff 00000000 S kworker/2:0H
root      18    2     0      0     -100  0     99    1     un  ffffffff 00000000 S migration/3
root      19    2     0      0     20    0     0     0     fg  ffffffff 00000000 S ksoftirqd/3
root      20    2     0      0     20    0     0     0     fg  ffffffff 00000000 S kworker/3:0
root      21    2     0      0     0     -20   0     0     fg  ffffffff 00000000 S kworker/3:0H
root      22    2     0      0     0     -20   0     0     fg  ffffffff 00000000 S khelper
root      23    2     0      0     0     -20   0     0     fg  ffffffff 00000000 S netns
root      27    2     0      0     20    0     0     0     fg  ffffffff 00000000 S kworker/1:1
root      28    2     0      0     20    0     0     0     fg  ffffffff 00000000 S kworker/3:1
root      29    2     0      0     20    0     0     0     fg  ffffffff 00000000 S kworker/2:1
root      30    2     0      0     20    0     0     0     fg  ffffffff 00000000 D log_udisk_task
root      31    2     0      0     -100  0     99    2     un  ffffffff 00000000 D HI_VPSS_Process
root      32    2     0      0     20    0     0     0     fg  ffffffff 00000000 D HI_WIN_ReleaseF
root      444   2     0      0     0     -20   0     0     fg  ffffffff 00000000 S writeback
root      446   2     0      0     0     -20   0     0     fg  ffffffff 00000000 S bioset
root      448   2     0      0     0     -20   0     0     fg  ffffffff 00000000 S kblockd
root      460   2     0      0     20    0     0     0     fg  ffffffff 00000000 S khubd
root      563   2     0      0     0     -20   0     0     fg  ffffffff 00000000 S rpciod
root      574   2     0      0     20    0     0     0     fg  ffffffff 00000000 S kswapd0
root      575   2     0      0     25    5     0     0     fg  ffffffff 00000000 S ksmd
root      623   2     0      0     20    0     0     0     fg  ffffffff 00000000 S fsnotify_mark
root      641   2     0      0     0     -20   0     0     fg  ffffffff 00000000 S nfsiod
root      645   2     0      0     0     -20   0     0     fg  ffffffff 00000000 S cifsiod
root      654   2     0      0     0     -20   0     0     fg  ffffffff 00000000 S crypto
root      674   2     0      0     20    0     0     0     fg  ffffffff 00000000 S kapmd
root      751   2     0      0     20    0     0     0     fg  ffffffff 00000000 D usb-otg
root      759   2     0      0     0     -20   0     0     fg  ffffffff 00000000 S dwc_otg
root      770   2     0      0     0     -20   0     0     fg  ffffffff 00000000 S kpsmoused
root      779   2     0      0     -100  0     99    1     un  ffffffff 00000000 S cfinteractive
root      786   2     0      0     20    0     0     0     fg  ffffffff 00000000 S mmcqd/0
root      787   2     0      0     20    0     0     0     fg  ffffffff 00000000 S mmcqd/0boot0
root      788   2     0      0     20    0     0     0     fg  ffffffff 00000000 S mmcqd/0boot1
